Component: ARM Compiler 5.06 update 5 (build 528) Tool: armlink [4d35e2]

==============================================================================

Section Cross References

    system_stm32f10x.o(i.SetSysClock) refers to system_stm32f10x.o(i.SetSysClockTo72) for SetSysClockTo72
    system_stm32f10x.o(i.SystemCoreClockUpdate) refers to system_stm32f10x.o(.data) for SystemCoreClock
    system_stm32f10x.o(i.SystemInit) refers to system_stm32f10x.o(i.SetSysClock) for SetSysClock
    startup_stm32f10x_hd.o(STACK) refers (Special) to heapauxi.o(.text) for __use_two_region_memory
    startup_stm32f10x_hd.o(HEAP) refers (Special) to heapauxi.o(.text) for __use_two_region_memory
    startup_stm32f10x_hd.o(RESET) refers (Special) to heapauxi.o(.text) for __use_two_region_memory
    startup_stm32f10x_hd.o(RESET) refers to startup_stm32f10x_hd.o(STACK) for __initial_sp
    startup_stm32f10x_hd.o(RESET) refers to startup_stm32f10x_hd.o(.text) for Reset_Handler
    startup_stm32f10x_hd.o(RESET) refers to stm32f10x_it.o(i.NMI_Handler) for NMI_Handler
    startup_stm32f10x_hd.o(RESET) refers to stm32f10x_it.o(i.HardFault_Handler) for HardFault_Handler
    startup_stm32f10x_hd.o(RESET) refers to stm32f10x_it.o(i.MemManage_Handler) for MemManage_Handler
    startup_stm32f10x_hd.o(RESET) refers to stm32f10x_it.o(i.BusFault_Handler) for BusFault_Handler
    startup_stm32f10x_hd.o(RESET) refers to stm32f10x_it.o(i.UsageFault_Handler) for UsageFault_Handler
    startup_stm32f10x_hd.o(RESET) refers to stm32f10x_it.o(i.SVC_Handler) for SVC_Handler
    startup_stm32f10x_hd.o(RESET) refers to stm32f10x_it.o(i.DebugMon_Handler) for DebugMon_Handler
    startup_stm32f10x_hd.o(RESET) refers to stm32f10x_it.o(i.PendSV_Handler) for PendSV_Handler
    startup_stm32f10x_hd.o(RESET) refers to stm32f10x_it.o(i.SysTick_Handler) for SysTick_Handler
    startup_stm32f10x_hd.o(RESET) refers to interrupt.o(i.EXTI0_IRQHandler) for EXTI0_IRQHandler
    startup_stm32f10x_hd.o(RESET) refers to timer.o(i.TIM2_IRQHandler) for TIM2_IRQHandler
    startup_stm32f10x_hd.o(RESET) refers to fly_control_logic.o(i.TIM4_IRQHandler) for TIM4_IRQHandler
    startup_stm32f10x_hd.o(RESET) refers to usart.o(i.USART1_IRQHandler) for USART1_IRQHandler
    startup_stm32f10x_hd.o(RESET) refers to uart_select.o(i.USART3_IRQHandler) for USART3_IRQHandler
    startup_stm32f10x_hd.o(.text) refers (Special) to heapauxi.o(.text) for __use_two_region_memory
    startup_stm32f10x_hd.o(.text) refers to system_stm32f10x.o(i.SystemInit) for SystemInit
    startup_stm32f10x_hd.o(.text) refers to __main.o(!!!main) for __main
    startup_stm32f10x_hd.o(.text) refers to startup_stm32f10x_hd.o(HEAP) for Heap_Mem
    startup_stm32f10x_hd.o(.text) refers to startup_stm32f10x_hd.o(STACK) for Stack_Mem
    stm32f10x_adc.o(i.ADC_DeInit) refers to stm32f10x_rcc.o(i.RCC_APB2PeriphResetCmd) for RCC_APB2PeriphResetCmd
    stm32f10x_bkp.o(i.BKP_DeInit) refers to stm32f10x_rcc.o(i.RCC_BackupResetCmd) for RCC_BackupResetCmd
    stm32f10x_can.o(i.CAN_DeInit) refers to stm32f10x_rcc.o(i.RCC_APB1PeriphResetCmd) for RCC_APB1PeriphResetCmd
    stm32f10x_can.o(i.CAN_GetITStatus) refers to stm32f10x_can.o(i.CheckITStatus) for CheckITStatus
    stm32f10x_cec.o(i.CEC_DeInit) refers to stm32f10x_rcc.o(i.RCC_APB1PeriphResetCmd) for RCC_APB1PeriphResetCmd
    stm32f10x_dac.o(i.DAC_DeInit) refers to stm32f10x_rcc.o(i.RCC_APB1PeriphResetCmd) for RCC_APB1PeriphResetCmd
    stm32f10x_flash.o(i.FLASH_EnableWriteProtection) refers to stm32f10x_flash.o(i.FLASH_WaitForLastOperation) for FLASH_WaitForLastOperation
    stm32f10x_flash.o(i.FLASH_EraseAllBank1Pages) refers to stm32f10x_flash.o(i.FLASH_WaitForLastBank1Operation) for FLASH_WaitForLastBank1Operation
    stm32f10x_flash.o(i.FLASH_EraseAllPages) refers to stm32f10x_flash.o(i.FLASH_WaitForLastOperation) for FLASH_WaitForLastOperation
    stm32f10x_flash.o(i.FLASH_EraseOptionBytes) refers to stm32f10x_flash.o(i.FLASH_GetReadOutProtectionStatus) for FLASH_GetReadOutProtectionStatus
    stm32f10x_flash.o(i.FLASH_EraseOptionBytes) refers to stm32f10x_flash.o(i.FLASH_WaitForLastOperation) for FLASH_WaitForLastOperation
    stm32f10x_flash.o(i.FLASH_ErasePage) refers to stm32f10x_flash.o(i.FLASH_WaitForLastOperation) for FLASH_WaitForLastOperation
    stm32f10x_flash.o(i.FLASH_ProgramHalfWord) refers to stm32f10x_flash.o(i.FLASH_WaitForLastOperation) for FLASH_WaitForLastOperation
    stm32f10x_flash.o(i.FLASH_ProgramOptionByteData) refers to stm32f10x_flash.o(i.FLASH_WaitForLastOperation) for FLASH_WaitForLastOperation
    stm32f10x_flash.o(i.FLASH_ProgramWord) refers to stm32f10x_flash.o(i.FLASH_WaitForLastOperation) for FLASH_WaitForLastOperation
    stm32f10x_flash.o(i.FLASH_ReadOutProtection) refers to stm32f10x_flash.o(i.FLASH_WaitForLastOperation) for FLASH_WaitForLastOperation
    stm32f10x_flash.o(i.FLASH_UserOptionByteConfig) refers to stm32f10x_flash.o(i.FLASH_WaitForLastOperation) for FLASH_WaitForLastOperation
[...]
    i.presssureFilter                        0x08004c30   Section        0  bmp280.o(i.presssureFilter)
    presssureFilter                          0x08004c31   Thumb Code   240  bmp280.o(i.presssureFilter)
    i.pressureAndTemperatureToAltitude       0x08004d30   Section        0  bmp280.o(i.pressureAndTemperatureToAltitude)
    i.sqrt                                   0x08004e5c   Section        0  sqrt.o(i.sqrt)
    i.uart_init                              0x08004ea8   Section        0  usart.o(i.uart_init)
    locale$$code                             0x08004f54   Section       44  lc_numeric_c.o(locale$$code)
    x$fpl$d2f                                0x08004f80   Section       98  d2f.o(x$fpl$d2f)
    x$fpl$dadd                               0x08004fe4   Section      336  daddsub_clz.o(x$fpl$dadd)
    _dadd1                                   0x08004ff5   Thumb Code     0  daddsub_clz.o(x$fpl$dadd)
    x$fpl$dcheck1                            0x08005134   Section       16  dcheck1.o(x$fpl$dcheck1)
    x$fpl$dcmpinf                            0x08005144   Section       24  dcmpi.o(x$fpl$dcmpinf)
    x$fpl$ddiv                               0x0800515c   Section      688  ddiv.o(x$fpl$ddiv)
    ddiv_entry                               0x08005163   Thumb Code     0  ddiv.o(x$fpl$ddiv)
    x$fpl$dfix                               0x0800540c   Section       94  dfix.o(x$fpl$dfix)
    x$fpl$dflt                               0x0800546a   Section       46  dflt_clz.o(x$fpl$dflt)
    x$fpl$dfltu                              0x08005498   Section       38  dflt_clz.o(x$fpl$dfltu)
    x$fpl$dleqf                              0x080054c0   Section      120  dleqf.o(x$fpl$dleqf)
    x$fpl$dmul                               0x08005538   Section      340  dmul.o(x$fpl$dmul)
    x$fpl$dnaninf                            0x0800568c   Section      156  dnaninf.o(x$fpl$dnaninf)
    x$fpl$dretinf                            0x08005728   Section       12  dretinf.o(x$fpl$dretinf)
    x$fpl$drleqf                             0x08005734   Section      108  drleqf.o(x$fpl$drleqf)
    x$fpl$drsb                               0x080057a0   Section       22  daddsub_clz.o(x$fpl$drsb)
    x$fpl$dsqrt                              0x080057b8   Section      460  dsqrt_noumaal.o(x$fpl$dsqrt)
    x$fpl$dsub                               0x08005984   Section      468  daddsub_clz.o(x$fpl$dsub)
    _dsub1                                   0x08005995   Thumb Code     0  daddsub_clz.o(x$fpl$dsub)
    x$fpl$f2d                                0x08005b58   Section       86  f2d.o(x$fpl$f2d)
    x$fpl$fadd                               0x08005bb0   Section      196  faddsub_clz.o(x$fpl$fadd)
    _fadd1                                   0x08005bbf   Thumb Code     0  faddsub_clz.o(x$fpl$fadd)
    x$fpl$fcmpinf                            0x08005c74   Section       24  fcmpi.o(x$fpl$fcmpinf)
    x$fpl$fdiv                               0x08005c8c   Section      388  fdiv.o(x$fpl$fdiv)
    _fdiv1                                   0x08005c8d   Thumb Code     0  fdiv.o(x$fpl$fdiv)
    x$fpl$feqf                               0x08005e10   Section      104  feqf.o(x$fpl$feqf)
    x$fpl$ffltu                              0x08005e78   Section       38  fflt_clz.o(x$fpl$ffltu)
    x$fpl$fmul                               0x08005ea0   Section      258  fmul.o(x$fpl$fmul)
    x$fpl$fnaninf                            0x08005fa2   Section      140  fnaninf.o(x$fpl$fnaninf)
    x$fpl$fretinf                            0x0800602e   Section       10  fretinf.o(x$fpl$fretinf)
    x$fpl$frsb                               0x08006038   Section       20  faddsub_clz.o(x$fpl$frsb)
    x$fpl$fsub                               0x0800604c   Section      234  faddsub_clz.o(x$fpl$fsub)
    _fsub1                                   0x0800605b   Thumb Code     0  faddsub_clz.o(x$fpl$fsub)
    x$fpl$printf1                            0x08006136   Section        4  printf1.o(x$fpl$printf1)
    x$fpl$retnan                             0x0800613a   Section      100  retnan.o(x$fpl$retnan)
    x$fpl$scalbn                             0x0800619e   Section       92  scalbn.o(x$fpl$scalbn)
    x$fpl$trapveneer                         0x080061fa   Section       48  trapv.o(x$fpl$trapveneer)
    x$fpl$usenofp                            0x0800622a   Section        0  usenofp.o(x$fpl$usenofp)
    .constdata                               0x08006230   Section      136  pow.o(.constdata)
    bp                                       0x08006230   Data          16  pow.o(.constdata)
    dp_h                                     0x08006240   Data          16  pow.o(.constdata)
    dp_l                                     0x08006250   Data          16  pow.o(.constdata)
    L                                        0x08006260   Data          48  pow.o(.constdata)
    P                                        0x08006290   Data          40  pow.o(.constdata)
    .constdata                               0x080062b8   Section      152  atan.o(.constdata)
    atanhi                                   0x080062b8   Data          32  atan.o(.constdata)
    atanlo                                   0x080062d8   Data          32  atan.o(.constdata)
    aTodd                                    0x080062f8   Data          40  atan.o(.constdata)
    aTeven                                   0x08006320   Data          48  atan.o(.constdata)
    .constdata                               0x08006350   Section        8  qnan.o(.constdata)
    .constdata                               0x08006358   Section      148  bigflt0.o(.constdata)
    tenpwrs_x                                0x08006358   Data          60  bigflt0.o(.constdata)
    tenpwrs_i                                0x08006394   Data          64  bigflt0.o(.constdata)
    locale$$data                             0x0800640c   Section       28  lc_numeric_c.o(locale$$data)
    __lcnum_c_name                           0x08006410   Data           2  lc_numeric_c.o(locale$$data)
    __lcnum_c_start                          0x08006418   Data           0  lc_numeric_c.o(locale$$data)
    __lcnum_c_point                          0x08006424   Data           0  lc_numeric_c.o(locale$$data)
    __lcnum_c_thousands                      0x08006426   Data           0  lc_numeric_c.o(locale$$data)
    __lcnum_c_grouping                       0x08006427   Data           0  lc_numeric_c.o(locale$$data)
    __lcnum_c_end                            0x08006428   Data           0  lc_numeric_c.o(locale$$data)
    .data                                    0x20000000   Section       20  system_stm32f10x.o(.data)
    .data                                    0x20000014   Section       20  stm32f10x_rcc.o(.data)
    APBAHBPrescTable                         0x20000014   Data          16  stm32f10x_rcc.o(.data)
    ADCPrescTable                            0x20000024   Data           4  stm32f10x_rcc.o(.data)
    .data                                    0x20000028   Section      184  icm_42688_p.o(.data)
    Accel                                    0x20000038   Data           4  icm_42688_p.o(.data)
    Gyro                                     0x2000003c   Data           4  icm_42688_p.o(.data)
    angle_dot                                0x20000040   Data           4  icm_42688_p.o(.data)
    Q_angle                                  0x20000044   Data           4  icm_42688_p.o(.data)
    Q_gyro                                   0x20000048   Data           4  icm_42688_p.o(.data)
    R_angle                                  0x2000004c   Data           4  icm_42688_p.o(.data)
    dt                                       0x20000050   Data           4  icm_42688_p.o(.data)
    C_0                                      0x20000054   Data           1  icm_42688_p.o(.data)
    Q_bias                                   0x20000058   Data           4  icm_42688_p.o(.data)
    Angle_err                                0x2000005c   Data           4  icm_42688_p.o(.data)
    PCt_0                                    0x20000060   Data           4  icm_42688_p.o(.data)
    PCt_1                                    0x20000064   Data           4  icm_42688_p.o(.data)
    E                                        0x20000068   Data           4  icm_42688_p.o(.data)
    K_0                                      0x2000006c   Data           4  icm_42688_p.o(.data)
    K_1                                      0x20000070   Data           4  icm_42688_p.o(.data)
    t_0                                      0x20000074   Data           4  icm_42688_p.o(.data)
    t_1                                      0x20000078   Data           4  icm_42688_p.o(.data)
    PP                                       0x2000007c   Data          16  icm_42688_p.o(.data)
    Accel                                    0x2000008c   Data           4  icm_42688_p.o(.data)
    Gyro                                     0x20000090   Data           4  icm_42688_p.o(.data)
    angle_dot                                0x20000094   Data           4  icm_42688_p.o(.data)
    Q_angle                                  0x20000098   Data           4  icm_42688_p.o(.data)
    Q_gyro                                   0x2000009c   Data           4  icm_42688_p.o(.data)
    R_angle                                  0x200000a0   Data           4  icm_42688_p.o(.data)
    dt                                       0x200000a4   Data           4  icm_42688_p.o(.data)
    C_0                                      0x200000a8   Data           1  icm_42688_p.o(.data)
    Q_bias                                   0x200000ac   Data           4  icm_42688_p.o(.data)
    Angle_err                                0x200000b0   Data           4  icm_42688_p.o(.data)
    PCt_0                                    0x200000b4   Data           4  icm_42688_p.o(.data)
    PCt_1                                    0x200000b8   Data           4  icm_42688_p.o(.data)
    E                                        0x200000bc   Data           4  icm_42688_p.o(.data)
    K_0                                      0x200000c0   Data           4  icm_42688_p.o(.data)
    K_1                                      0x200000c4   Data           4  icm_42688_p.o(.data)
    t_0                                      0x200000c8   Data           4  icm_42688_p.o(.data)
    t_1                                      0x200000cc   Data           4  icm_42688_p.o(.data)
    PP                                       0x200000d0   Data          16  icm_42688_p.o(.data)
    .data                                    0x200000e0   Section        2  uart_select.o(.data)
    .data                                    0x200000e4   Section       24  bmp280.o(.data)
    bmp280ID                                 0x200000e4   Data           1  bmp280.o(.data)
    isInit                                   0x200000e5   Data           1  bmp280.o(.data)
    bmp280RawPressure                        0x200000e8   Data           4  bmp280.o(.data)
    bmp280RawTemperature                     0x200000ec   Data           4  bmp280.o(.data)
    i                                        0x200000f0   Data           1  bmp280.o(.data)
    t                                        0x200000f4   Data           4  bmp280.o(.data)
    p                                        0x200000f8   Data           4  bmp280.o(.data)
    .data                                    0x20000100   Section       32  fly_control_logic.o(.data)
    .data                                    0x20000120   Section        4  delay.o(.data)
    fac_us                                   0x20000120   Data           1  delay.o(.data)
    fac_ms                                   0x20000122   Data           2  delay.o(.data)
    .data                                    0x20000124   Section       10  usart.o(.data)
    .bss                                     0x20000130   Section      176  icm_42688_p.o(.bss)
    Pdot                                     0x200001c0   Data          16  icm_42688_p.o(.bss)
    Pdot                                     0x200001d0   Data          16  icm_42688_p.o(.bss)
    .bss                                     0x200001e0   Section      660  uart_select.o(.bss)
    .bss                                     0x20000474   Section       64  bmp280.o(.bss)
    filter_buf                               0x200004a0   Data          20  bmp280.o(.bss)
    .bss                                     0x200004b8   Section      128  fly_control_logic.o(.bss)
    .bss                                     0x20000538   Section      456  usart.o(.bss)
    .bss                                     0x20000700   Section       96  libspace.o(.bss)
    HEAP                                     0x20000760   Section      512  startup_stm32f10x_hd.o(HEAP)
    Heap_Mem                                 0x20000760   Data         512  startup_stm32f10x_hd.o(HEAP)
    STACK                                    0x20000960   Section     1024  startup_stm32f10x_hd.o(STACK)
    Stack_Mem                                0x20000960   Data        1024  startup_stm32f10x_hd.o(STACK)
    __initial_sp                             0x20000d60   Data           0  startup_stm32f10x_hd.o(STACK)

    Global Symbols

    Symbol Name                              Value     Ov Type        Size  Object(Section)

    BuildAttributes$$THM_ISAv4$P$D$K$B$S$PE$A:L22UL41UL21$X:L11$S22US41US21$IEEE1$IW$USESV6$~STKCKD$USESV7$~SHL$OTIME$ROPI$IEEEX$EBA8$UX$STANDARDLIB$REQ8$PRES8$EABIv2 0x00000000   Number         0  anon$$obj.o ABSOLUTE
    __ARM_use_no_argv                        0x00000000   Number         0  main.o ABSOLUTE
    _printf_flags                            0x00000000   Number         0  printf_stubs.o ABSOLUTE
    _printf_return_value                     0x00000000   Number         0  printf_stubs.o ABSOLUTE
    _printf_sizespec                         0x00000000   Number         0  printf_stubs.o ABSOLUTE
    _printf_widthprec                        0x00000000   Number         0  printf_stubs.o ABSOLUTE
    __ARM_exceptions_init                     - Undefined Weak Reference
    __alloca_initialize                       - Undefined Weak Reference
    __arm_preinit_                            - Undefined Weak Reference
    __cpp_initialize__aeabi_                  - Undefined Weak Reference
    __cxa_finalize                            - Undefined Weak Reference
    __sigvec_lookup                           - Undefined Weak Reference
    _atexit_init                              - Undefined Weak Reference
    _call_atexit_fns                          - Undefined Weak Reference
    _clock_init                               - Undefined Weak Reference
    _fp_trap_init                             - Undefined Weak Reference
    _fp_trap_shutdown                         - Undefined Weak Reference
    _get_lc_collate                           - Undefined Weak Reference
    _get_lc_ctype                             - Undefined Weak Reference
    _get_lc_monetary                          - Undefined Weak Reference
    _get_lc_time                              - Undefined Weak Reference
    _getenv_init                              - Undefined Weak Reference
    _handle_redirection                       - Undefined Weak Reference
    _init_alloc                               - Undefined Weak Reference
    _init_user_alloc                          - Undefined Weak Reference
    _initio                                   - Undefined Weak Reference
    _mutex_acquire                            - Undefined Weak Reference
    _mutex_release                            - Undefined Weak Reference
    _printf_post_padding                      - Undefined Weak Reference
    _printf_pre_padding                       - Undefined Weak Reference
    _rand_init                                - Undefined Weak Reference
    _signal_finish                            - Undefined Weak Reference
    _signal_init                              - Undefined Weak Reference
    _terminate_alloc                          - Undefined Weak Reference
    _terminate_user_alloc                     - Undefined Weak Reference
    _terminateio                              - Undefined Weak Reference
    __Vectors_Size                           0x00000130   Number         0  startup_stm32f10x_hd.o ABSOLUTE
    __Vectors                                0x08000000   Data           4  startup_stm32f10x_hd.o(RESET)
    __Vectors_End                            0x08000130   Data           0  startup_stm32f10x_hd.o(RESET)
    __main                                   0x08000131   Thumb Code     8  __main.o(!!!main)
    __scatterload                            0x08000139   Thumb Code     0  __scatter.o(!!!scatter)
    __scatterload_rt2                        0x08000139   Thumb Code    44  __scatter.o(!!!scatter)
    __scatterload_rt2_thumb_only             0x08000139   Thumb Code     0  __scatter.o(!!!scatter)
    __scatterload_null                       0x08000147   Thumb Code     0  __scatter.o(!!!scatter)
    __decompress                             0x0800016d   Thumb Code    90  __dczerorl2.o(!!dczerorl2)
    __decompress1                            0x0800016d   Thumb Code     0  __dczerorl2.o(!!dczerorl2)
    __scatterload_zeroinit                   0x080001c9   Thumb Code    28  __scatter_zi.o(!!handler_zi)
    _printf_f                                0x080001e5   Thumb Code     0  _printf_f.o(.ARM.Collect$$_printf_percent$$00000003)
    _printf_percent                          0x080001e5   Thumb Code     0  _printf_percent.o(.ARM.Collect$$_printf_percent$$00000000)
    _printf_percent_end                      0x080001eb   Thumb Code     0  _printf_percent_end.o(.ARM.Collect$$_printf_percent$$00000017)
    __rt_lib_init                            0x080001ef   Thumb Code     0  libinit.o(.ARM.Collect$$libinit$$00000000)
    __rt_lib_init_fp_1                       0x080001f1   Thumb Code     0  libinit2.o(.ARM.Collect$$libinit$$00000002)
    __rt_lib_init_heap_1                     0x080001f1   Thumb Code     0  libinit2.o(.ARM.Collect$$libinit$$0000000A)
    __rt_lib_init_lc_common                  0x080001f1   Thumb Code     0  libinit2.o(.ARM.Collect$$libinit$$0000000F)
    __rt_lib_init_preinit_1                  0x080001f1   Thumb Code     0  libinit2.o(.ARM.Collect$$libinit$$00000004)
    __rt_lib_init_rand_1                     0x080001f1   Thumb Code     0  libinit2.o(.ARM.Collect$$libinit$$0000000E)
    __rt_lib_init_user_alloc_1               0x080001f1   Thumb Code     0  libinit2.o(.ARM.Collect$$libinit$$0000000C)
    __rt_lib_init_lc_collate_1               0x080001f7   Thumb Code     0  libinit2.o(.ARM.Collect$$libinit$$00000011)
    __rt_lib_init_lc_ctype_1                 0x080001f7   Thumb Code     0  libinit2.o(.ARM.Collect$$libinit$$00000013)
    __rt_lib_init_lc_monetary_1              0x080001f7   Thumb Code     0  libinit2.o(.ARM.Collect$$libinit$$00000015)
    __rt_lib_init_lc_numeric_2               0x080001f7   Thumb Code     0  libinit2.o(.ARM.Collect$$libinit$$00000016)
    __rt_lib_init_alloca_1                   0x08000201   Thumb Code     0  libinit2.o(.ARM.Collect$$libinit$$0000002E)
    __rt_lib_init_argv_1                     0x08000201   Thumb Code     0  libinit2.o(.ARM.Collect$$libinit$$0000002C)
    __rt_lib_init_atexit_1                   0x08000201   Thumb Code     0  libinit2.o(.ARM.Collect$$libinit$$0000001B)
    __rt_lib_init_clock_1                    0x08000201   Thumb Code     0  libinit2.o(.ARM.Collect$$libinit$$00000021)
    __rt_lib_init_cpp_1                      0x08000201   Thumb Code     0  libinit2.o(.ARM.Collect$$libinit$$00000032)
    __rt_lib_init_exceptions_1               0x08000201   Thumb Code     0  libinit2.o(.ARM.Collect$$libinit$$00000030)
    __rt_lib_init_fp_trap_1                  0x08000201   Thumb Code     0  libinit2.o(.ARM.Collect$$libinit$$0000001F)
    __rt_lib_init_getenv_1                   0x08000201   Thumb Code     0  libinit2.o(.ARM.Collect$$libinit$$00000023)
    __rt_lib_init_lc_numeric_1               0x08000201   Thumb Code     0  libinit2.o(.ARM.Collect$$libinit$$00000017)
    __rt_lib_init_lc_time_1                  0x08000201   Thumb Code     0  libinit2.o(.ARM.Collect$$libinit$$00000019)
    __rt_lib_init_return                     0x08000201   Thumb Code     0  libinit2.o(.ARM.Collect$$libinit$$00000033)
    __rt_lib_init_signal_1                   0x08000201   Thumb Code     0  libinit2.o(.ARM.Collect$$libinit$$0000001D)
    __rt_lib_init_stdio_1                    0x08000201   Thumb Code     0  libinit2.o(.ARM.Collect$$libinit$$00000025)
    __rt_lib_shutdown                        0x08000203   Thumb Code     0  libshutdown.o(.ARM.Collect$$libshutdown$$00000000)
    __rt_lib_shutdown_cpp_1                  0x08000205   Thumb Code     0  libshutdown2.o(.ARM.Collect$$libshutdown$$00000002)
    __rt_lib_shutdown_fp_trap_1              0x08000205   Thumb Code     0  libshutdown2.o(.ARM.Collect$$libshutdown$$00000007)
    __rt_lib_shutdown_heap_1                 0x08000205   Thumb Code     0  libshutdown2.o(.ARM.Collect$$libshutdown$$0000000F)
    __rt_lib_shutdown_return                 0x08000205   Thumb Code     0  libshutdown2.o(.ARM.Collect$$libshutdown$$00000010)
    __rt_lib_shutdown_signal_1               0x08000205   Thumb Code     0  libshutdown2.o(.ARM.Collect$$libshutdown$$0000000A)
    __rt_lib_shutdown_stdio_1                0x08000205   Thumb Code     0  libshutdown2.o(.ARM.Collect$$libshutdown$$00000004)
    __rt_lib_shutdown_user_alloc_1           0x08000205   Thumb Code     0  libshutdown2.o(.ARM.Collect$$libshutdown$$0000000C)
    __rt_entry                               0x08000207   Thumb Code     0  __rtentry.o(.ARM.Collect$$rtentry$$00000000)
    __rt_entry_presh_1                       0x08000207   Thumb Code     0  __rtentry2.o(.ARM.Collect$$rtentry$$00000002)
    __rt_entry_sh                            0x08000207   Thumb Code     0  __rtentry4.o(.ARM.Collect$$rtentry$$00000004)
    __rt_entry_li                            0x0800020d   Thumb Code     0  __rtentry2.o(.ARM.Collect$$rtentry$$0000000A)
    __rt_entry_postsh_1                      0x0800020d   Thumb Code     0  __rtentry2.o(.ARM.Collect$$rtentry$$00000009)
    __rt_entry_main                          0x08000211   Thumb Code     0  __rtentry2.o(.ARM.Collect$$rtentry$$0000000D)
    __rt_entry_postli_1                      0x08000211   Thumb Code     0  __rtentry2.o(.ARM.Collect$$rtentry$$0000000C)
    __rt_exit                                0x08000219   Thumb Code     0  rtexit.o(.ARM.Collect$$rtexit$$00000000)
    __rt_exit_ls                             0x0800021b   Thumb Code     0  rtexit2.o(.ARM.Collect$$rtexit$$00000003)
    __rt_exit_prels_1                        0x0800021b   Thumb Code     0  rtexit2.o(.ARM.Collect$$rtexit$$00000002)
    __rt_exit_exit                           0x0800021f   Thumb Code     0  rtexit2.o(.ARM.Collect$$rtexit$$00000004)
    Reset_Handler                            0x08000225   Thumb Code     8  startup_stm32f10x_hd.o(.text)
    ADC1_2_IRQHandler                        0x0800023f   Thumb Code     0  startup_stm32f10x_hd.o(.text)
    ADC3_IRQHandler                          0x0800023f   Thumb Code     0  startup_stm32f10x_hd.o(.text)
    CAN1_RX1_IRQHandler                      0x0800023f   Thumb Code     0  startup_stm32f10x_hd.o(.text)
    CAN1_SCE_IRQHandler                      0x0800023f   Thumb Code     0  startup_stm32f10x_hd.o(.text)
    DMA1_Channel1_IRQHandler                 0x0800023f   Thumb Code     0  startup_stm32f10x_hd.o(.text)
    DMA1_Channel2_IRQHandler                 0x0800023f   Thumb Code     0  startup_stm32f10x_hd.o(.text)
    DMA1_Channel3_IRQHandler                 0x0800023f   Thumb Code     0  startup_stm32f10x_hd.o(.text)
    DMA1_Channel4_IRQHandler                 0x0800023f   Thumb Code     0  startup_stm32f10x_hd.o(.text)
    DMA1_Channel5_IRQHandler                 0x0800023f   Thumb Code     0  startup_stm32f10x_hd.o(.text)
    DMA1_Channel6_IRQHandler                 0x0800023f   Thumb Code     0  startup_stm32f10x_hd.o(.text)
    DMA1_Channel7_IRQHandler                 0x0800023f   Thumb Code     0  startup_stm32f10x_hd.o(.text)
    DMA2_Channel1_IRQHandler                 0x0800023f   Thumb Code     0  startup_stm32f10x_hd.o(.text)
    DMA2_Channel2_IRQHandler                 0x0800023f   Thumb Code     0  startup_stm32f10x_hd.o(.text)
    DMA2_Channel3_IRQHandler                 0x0800023f   Thumb Code     0  startup_stm32f10x_hd.o(.text)
    DMA2_Channel4_5_IRQHandler               0x0800023f   Thumb Code     0  startup_stm32f10x_hd.o(.text)
    EXTI15_10_IRQHandler                     0x0800023f   Thumb Code     0  startup_stm32f10x_hd.o(.text)
    EXTI1_IRQHandler                         0x0800023f   Thumb Code     0  startup_stm32f10x_hd.o(.text)
    EXTI2_IRQHandler                         0x0800023f   Thumb Code     0  startup_stm32f10x_hd.o(.text)
    EXTI3_IRQHandler                         0x0800023f   Thumb Code     0  startup_stm32f10x_hd.o(.text)
    EXTI4_IRQHandler                         0x0800023f   Thumb Code     0  startup_stm32f10x_hd.o(.text)
    EXTI9_5_IRQHandler                       0x0800023f   Thumb Code     0  startup_stm32f10x_hd.o(.text)
    FLASH_IRQHandler                         0x0800023f   Thumb Code     0  startup_stm32f10x_hd.o(.text)
    FSMC_IRQHandler                          0x0800023f   Thumb Code     0  startup_stm32f10x_hd.o(.text)
    I2C1_ER_IRQHandler                       0x0800023f   Thumb Code     0  startup_stm32f10x_hd.o(.text)
    I2C1_EV_IRQHandler                       0x0800023f   Thumb Code     0  startup_stm32f10x_hd.o(.text)
    I2C2_ER_IRQHandler                       0x0800023f   Thumb Code     0  startup_stm32f10x_hd.o(.text)
    I2C2_EV_IRQHandler                       0x0800023f   Thumb Code     0  startup_stm32f10x_hd.o(.text)
    PVD_IRQHandler                           0x0800023f   Thumb Code     0  startup_stm32f10x_hd.o(.text)
    RCC_IRQHandler                           0x0800023f   Thumb Code     0  startup_stm32f10x_hd.o(.text)
    RTCAlarm_IRQHandler                      0x0800023f   Thumb Code     0  startup_stm32f10x_hd.o(.text)
    RTC_IRQHandler                           0x0800023f   Thumb Code     0  startup_stm32f10x_hd.o(.text)
    SDIO_IRQHandler                          0x0800023f   Thumb Code     0  startup_stm32f10x_hd.o(.text)
    SPI1_IRQHandler                          0x0800023f   Thumb Code     0  startup_stm32f10x_hd.o(.text)
    SPI2_IRQHandler                          0x0800023f   Thumb Code     0  startup_stm32f10x_hd.o(.text)
    SPI3_IRQHandler                          0x0800023f   Thumb Code     0  startup_stm32f10x_hd.o(.text)
    TAMPER_IRQHandler                        0x0800023f   Thumb Code     0  startup_stm32f10x_hd.o(.text)
    TIM1_BRK_IRQHandler                      0x0800023f   Thumb Code     0  startup_stm32f10x_hd.o(.text)
    TIM1_CC_IRQHandler                       0x0800023f   Thumb Code     0  startup_stm32f10x_hd.o(.text)
    TIM1_TRG_COM_IRQHandler                  0x0800023f   Thumb Code     0  startup_stm32f10x_hd.o(.text)
    TIM1_UP_IRQHandler                       0x0800023f   Thumb Code     0  startup_stm32f10x_hd.o(.text)
    TIM3_IRQHandler                          0x0800023f   Thumb Code     0  startup_stm32f10x_hd.o(.text)
    TIM5_IRQHandler                          0x0800023f   Thumb Code     0  startup_stm32f10x_hd.o(.text)
    TIM6_IRQHandler                          0x0800023f   Thumb Code     0  startup_stm32f10x_hd.o(.text)
    TIM7_IRQHandler                          0x0800023f   Thumb Code     0  startup_stm32f10x_hd.o(.text)
    TIM8_BRK_IRQHandler                      0x0800023f   Thumb Code     0  startup_stm32f10x_hd.o(.text)
    TIM8_CC_IRQHandler                       0x0800023f   Thumb Code     0  startup_stm32f10x_hd.o(.text)
    TIM8_TRG_COM_IRQHandler                  0x0800023f   Thumb Code     0  startup_stm32f10x_hd.o(.text)
    TIM8_UP_IRQHandler                       0x0800023f   Thumb Code     0  startup_stm32f10x_hd.o(.text)
    UART4_IRQHandler                         0x0800023f   Thumb Code     0  startup_stm32f10x_hd.o(.text)
    UART5_IRQHandler                         0x0800023f   Thumb Code     0  startup_stm32f10x_hd.o(.text)
    USART2_IRQHandler                        0x0800023f   Thumb Code     0  startup_stm32f10x_hd.o(.text)
    USBWakeUp_IRQHandler                     0x0800023f   Thumb Code     0  startup_stm32f10x_hd.o(.text)
    USB_HP_CAN1_TX_IRQHandler                0x0800023f   Thumb Code     0  startup_stm32f10x_hd.o(.text)
    USB_LP_CAN1_RX0_IRQHandler               0x0800023f   Thumb Code     0  startup_stm32f10x_hd.o(.text)
    WWDG_IRQHandler                          0x0800023f   Thumb Code     0  startup_stm32f10x_hd.o(.text)
    __user_initial_stackheap                 0x08000241   Thumb Code     0  startup_stm32f10x_hd.o(.text)
    __use_no_semihosting                     0x08000265   Thumb Code     2  use_no_semi_2.o(.text)
    __aeabi_ldivmod                          0x08000267   Thumb Code     0  llsdiv.o(.text)
    _ll_sdiv                                 0x08000267   Thumb Code    72  llsdiv.o(.text)
    __2printf                                0x080002b1   Thumb Code    20  noretval__2printf.o(.text)
    __printf                                 0x080002c9   Thumb Code   270  __printf_wp.o(.text)
    __use_two_region_memory                  0x080003d7   Thumb Code     2  heapauxi.o(.text)
    __rt_heap_escrow$2region                 0x080003d9   Thumb Code     2  heapauxi.o(.text)
    __rt_heap_expand$2region                 0x080003db   Thumb Code     2  heapauxi.o(.text)
    __I$use$semihosting                      0x080003dd   Thumb Code     0  use_no_semi.o(.text)
    __use_no_semihosting_swi                 0x080003dd   Thumb Code     2  use_no_semi.o(.text)
    __aeabi_uldivmod                         0x080003df   Thumb Code     0  lludivv7m.o(.text)
    _ll_udiv                                 0x080003df   Thumb Code   238  lludivv7m.o(.text)
    __read_errno                             0x080004cd   Thumb Code    10  _rserrno.o(.text)
    __set_errno                              0x080004d7   Thumb Code    12  _rserrno.o(.text)
    __lib_sel_fp_printf                      0x080004e3   Thumb Code     2  _printf_fp_dec.o(.text)
    _printf_fp_dec_real                      0x08000695   Thumb Code   620  _printf_fp_dec.o(.text)
    _printf_char_file                        0x08000901   Thumb Code    32  _printf_char_file.o(.text)
    __rt_locale                              0x08000925   Thumb Code     8  rt_locale_intlibspace.o(.text)
    __aeabi_errno_addr                       0x0800092d   Thumb Code     8  rt_errno_addr_intlibspace.o(.text)
    __errno$intlibspace                      0x0800092d   Thumb Code     0  rt_errno_addr_intlibspace.o(.text)
    __rt_errno_addr$intlibspace              0x0800092d   Thumb Code     0  rt_errno_addr_intlibspace.o(.text)
    _ll_udiv10                               0x08000935   Thumb Code   138  lludiv10.o(.text)
    _printf_char_common                      0x080009cb   Thumb Code    32  _printf_char_common.o(.text)
    _printf_fp_infnan                        0x080009f1   Thumb Code   112  _printf_fp_infnan.o(.text)
    _btod_etento                             0x08000a71   Thumb Code   224  bigflt0.o(.text)
    ferror                                   0x08000b55   Thumb Code     8  ferror.o(.text)
    __user_libspace                          0x08000b5d   Thumb Code     8  libspace.o(.text)
    __user_perproc_libspace                  0x08000b5d   Thumb Code     0  libspace.o(.text)
    __user_perthread_libspace                0x08000b5d   Thumb Code     0  libspace.o(.text)
    __user_setup_stackheap                   0x08000b65   Thumb Code    74  sys_stackheap_outer.o(.text)
    exit                                     0x08000baf   Thumb Code    18  exit.o(.text)
    strcmp                                   0x08000bc1   Thumb Code   128  strcmpv7m.o(.text)
    _btod_d2e                                0x08000c41   Thumb Code    62  btod.o(CL$$btod_d2e)
    _d2e_denorm_low                          0x08000c7f   Thumb Code    70  btod.o(CL$$btod_d2e_denorm_low)
    _d2e_norm_op1                            0x08000cc5   Thumb Code    96  btod.o(CL$$btod_d2e_norm_op1)
    __btod_div_common                        0x08000d25   Thumb Code   696  btod.o(CL$$btod_div_common)
    _e2e                                     0x0800105d   Thumb Code   220  btod.o(CL$$btod_e2e)
    _btod_ediv                               0x08001139   Thumb Code    42  btod.o(CL$$btod_ediv)
    _btod_emul                               0x08001163   Thumb Code    42  btod.o(CL$$btod_emul)
    __btod_mult_common                       0x0800118d   Thumb Code   580  btod.o(CL$$btod_mult_common)
    Attitude_Calculate                       0x080013d1   Thumb Code    12  fly_control_logic.o(i.Attitude_Calculate)
    BusFault_Handler                         0x080013dd   Thumb Code     4  stm32f10x_it.o(i.BusFault_Handler)
    CRC_INIT                                 0x080013e1   Thumb Code    52  usart.o(i.CRC_INIT)
    DebugMon_Handler                         0x0800141d   Thumb Code     2  stm32f10x_it.o(i.DebugMon_Handler)
    EXTI0_IRQHandler                         0x08001421   Thumb Code   112  interrupt.o(i.EXTI0_IRQHandler)
    EXTI_ClearITPendingBit                   0x080014c5   Thumb Code     6  stm32f10x_exti.o(i.EXTI_ClearITPendingBit)
    EXTI_GetITStatus                         0x080014d1   Thumb Code    34  stm32f10x_exti.o(i.EXTI_GetITStatus)
    FLY_BIOS_INIT                            0x080014f9   Thumb Code   220  fly_control_logic.o(i.FLY_BIOS_INIT)
    FLY_PWM_Port_Init                        0x080015fd   Thumb Code   216  motor_ctrl.o(i.FLY_PWM_Port_Init)
    GPIO_Init                                0x080016dd   Thumb Code   278  stm32f10x_gpio.o(i.GPIO_Init)
    GPIO_ReadInputDataBit                    0x080017f3   Thumb Code    18  stm32f10x_gpio.o(i.GPIO_ReadInputDataBit)
    GPIO_ResetBits                           0x08001805   Thumb Code     4  stm32f10x_gpio.o(i.GPIO_ResetBits)
    GPIO_SetBits                             0x08001809   Thumb Code     4  stm32f10x_gpio.o(i.GPIO_SetBits)
    GYRO_ACC_TEMP_GET                        0x0800180d   Thumb Code   924  icm_42688_p.o(i.GYRO_ACC_TEMP_GET)
    HardFault_Handler                        0x08001bf5   Thumb Code     4  stm32f10x_it.o(i.HardFault_Handler)
    I2C_AcknowledgeConfig                    0x08001bf9   Thumb Code    24  stm32f10x_i2c.o(i.I2C_AcknowledgeConfig)
    I2C_CheckEvent                           0x08001c11   Thumb Code    42  stm32f10x_i2c.o(i.I2C_CheckEvent)
    I2C_Cmd                                  0x08001c3b   Thumb Code    24  stm32f10x_i2c.o(i.I2C_Cmd)
    I2C_GenerateSTART                        0x08001c53   Thumb Code    24  stm32f10x_i2c.o(i.I2C_GenerateSTART)
    I2C_GenerateSTOP                         0x08001c6b   Thumb Code    24  stm32f10x_i2c.o(i.I2C_GenerateSTOP)
    I2C_Init                                 0x08001c85   Thumb Code   222  stm32f10x_i2c.o(i.I2C_Init)
    I2C_ReceiveData                          0x08001d71   Thumb Code     8  stm32f10x_i2c.o(i.I2C_ReceiveData)
    I2C_Send7bitAddress                      0x08001d79   Thumb Code    18  stm32f10x_i2c.o(i.I2C_Send7bitAddress)
    I2C_SendData                             0x08001d8b   Thumb Code     4  stm32f10x_i2c.o(i.I2C_SendData)
    ICM_ACC_INIT                             0x08001d8f   Thumb Code    46  icm_42688_p.o(i.ICM_ACC_INIT)
    ICM_Gyroscope_INIT                       0x08001dbd   Thumb Code    66  icm_42688_p.o(i.ICM_Gyroscope_INIT)
    ICM_IIC_READ_BYTE                        0x08001e01   Thumb Code   146  icm_42688_p.o(i.ICM_IIC_READ_BYTE)
    ICM_IIC_WRITE_BYTE                       0x08001ea5   Thumb Code    90  icm_42688_p.o(i.ICM_IIC_WRITE_BYTE)
    ICM_INIT                                 0x08001f11   Thumb Code   178  icm_42688_p.o(i.ICM_INIT)
    ICM_Port_Init                            0x08001fc5   Thumb Code   132  icm_42688_p.o(i.ICM_Port_Init)
    IIC_Ack                                  0x08002055   Thumb Code    66  myiic.o(i.IIC_Ack)
    IIC_Init                                 0x080020a5   Thumb Code    50  myiic.o(i.IIC_Init)
    IIC_NAck                                 0x080020e5   Thumb Code    66  myiic.o(i.IIC_NAck)
    IIC_Read_Byte                            0x08002135   Thumb Code    98  myiic.o(i.IIC_Read_Byte)
    IIC_Send_Byte                            0x080021a5   Thumb Code    90  myiic.o(i.IIC_Send_Byte)
    IIC_Start                                0x0800220d   Thumb Code    64  myiic.o(i.IIC_Start)
    IIC_Stop                                 0x08002259   Thumb Code    62  myiic.o(i.IIC_Stop)
    IIC_WaitEvent                            0x080022a5   Thumb Code    34  icm_42688_p.o(i.IIC_WaitEvent)
    IIC_Wait_Ack                             0x080022c9   Thumb Code    86  myiic.o(i.IIC_Wait_Ack)
    Kalman_Filter_X                          0x0800232d   Thumb Code   668  icm_42688_p.o(i.Kalman_Filter_X)
    Kalman_Filter_Y                          0x0800262d   Thumb Code   672  icm_42688_p.o(i.Kalman_Filter_Y)
    Load_Attu_PID                            0x08002931   Thumb Code   428  fly_control_logic.o(i.Load_Attu_PID)
    MemManage_Handler                        0x08002b09   Thumb Code     4  stm32f10x_it.o(i.MemManage_Handler)
    NMI_Handler                              0x08002b0d   Thumb Code     2  stm32f10x_it.o(i.NMI_Handler)
    NVIC_Init                                0x08002b11   Thumb Code   100  misc.o(i.NVIC_Init)
    NVIC_PriorityGroupConfig                 0x08002b81   Thumb Code    10  misc.o(i.NVIC_PriorityGroupConfig)
    PendSV_Handler                           0x08002b95   Thumb Code     2  stm32f10x_it.o(i.PendSV_Handler)
    RCC_AHBPeriphClockCmd                    0x08002b99   Thumb Code    26  stm32f10x_rcc.o(i.RCC_AHBPeriphClockCmd)
    RCC_APB1PeriphClockCmd                   0x08002bb9   Thumb Code    26  stm32f10x_rcc.o(i.RCC_APB1PeriphClockCmd)
    RCC_APB1PeriphResetCmd                   0x08002bd9   Thumb Code    26  stm32f10x_rcc.o(i.RCC_APB1PeriphResetCmd)
    RCC_APB2PeriphClockCmd                   0x08002bf9   Thumb Code    26  stm32f10x_rcc.o(i.RCC_APB2PeriphClockCmd)
    RCC_APB2PeriphResetCmd                   0x08002c19   Thumb Code    26  stm32f10x_rcc.o(i.RCC_APB2PeriphResetCmd)
    RCC_GetClocksFreq                        0x08002c39   Thumb Code   192  stm32f10x_rcc.o(i.RCC_GetClocksFreq)
    SVC_Handler                              0x08002d0d   Thumb Code     2  stm32f10x_it.o(i.SVC_Handler)
    Set_Duty                                 0x08002df9   Thumb Code   258  motor_ctrl.o(i.Set_Duty)
    SysTick_CLKSourceConfig                  0x08002f09   Thumb Code    40  misc.o(i.SysTick_CLKSourceConfig)
    SysTick_Handler                          0x08002f31   Thumb Code     2  stm32f10x_it.o(i.SysTick_Handler)
    SystemInit                               0x08002f35   Thumb Code    78  system_stm32f10x.o(i.SystemInit)
    TIM2_IRQHandler                          0x08002f95   Thumb Code    36  timer.o(i.TIM2_IRQHandler)
    TIM4_IRQHandler                          0x08002fc1   Thumb Code    98  fly_control_logic.o(i.TIM4_IRQHandler)
    TIM4_Interrupt_Init                      0x08003039   Thumb Code   126  fly_control_logic.o(i.TIM4_Interrupt_Init)
    TIM_ClearFlag                            0x080030bd   Thumb Code     6  stm32f10x_tim.o(i.TIM_ClearFlag)
    TIM_ClearITPendingBit                    0x080030c3   Thumb Code     6  stm32f10x_tim.o(i.TIM_ClearITPendingBit)
    TIM_Cmd                                  0x080030c9   Thumb Code    24  stm32f10x_tim.o(i.TIM_Cmd)
    TIM_GetITStatus                          0x080030e1   Thumb Code    34  stm32f10x_tim.o(i.TIM_GetITStatus)
    TIM_ITConfig                             0x08003103   Thumb Code    18  stm32f10x_tim.o(i.TIM_ITConfig)
    TIM_InternalClockConfig                  0x08003115   Thumb Code    12  stm32f10x_tim.o(i.TIM_InternalClockConfig)
    TIM_OC1Init                              0x08003121   Thumb Code   132  stm32f10x_tim.o(i.TIM_OC1Init)
    TIM_OC1PreloadConfig                     0x080031b9   Thumb Code    18  stm32f10x_tim.o(i.TIM_OC1PreloadConfig)
    TIM_OC2Init                              0x080031cd   Thumb Code   154  stm32f10x_tim.o(i.TIM_OC2Init)
    TIM_OC2PreloadConfig                     0x08003271   Thumb Code    26  stm32f10x_tim.o(i.TIM_OC2PreloadConfig)
    TIM_OC3Init                              0x0800328d   Thumb Code   150  stm32f10x_tim.o(i.TIM_OC3Init)
    TIM_OC3PreloadConfig                     0x0800332d   Thumb Code    18  stm32f10x_tim.o(i.TIM_OC3PreloadConfig)
    TIM_OC4Init                              0x08003341   Thumb Code   114  stm32f10x_tim.o(i.TIM_OC4Init)
    TIM_OC4PreloadConfig                     0x080033bd   Thumb Code    26  stm32f10x_tim.o(i.TIM_OC4PreloadConfig)
    TIM_OCStructInit                         0x080033d7   Thumb Code    20  stm32f10x_tim.o(i.TIM_OCStructInit)
    TIM_SetCompare1                          0x080033eb   Thumb Code     4  stm32f10x_tim.o(i.TIM_SetCompare1)
    TIM_SetCompare2                          0x080033ef   Thumb Code     4  stm32f10x_tim.o(i.TIM_SetCompare2)
    TIM_SetCompare3                          0x080033f3   Thumb Code     4  stm32f10x_tim.o(i.TIM_SetCompare3)
    TIM_SetCompare4                          0x080033f7   Thumb Code     6  stm32f10x_tim.o(i.TIM_SetCompare4)
    TIM_TimeBaseInit                         0x080033fd   Thumb Code   122  stm32f10x_tim.o(i.TIM_TimeBaseInit)
    UART_Init                                0x080034a1   Thumb Code   172  uart_select.o(i.UART_Init)
    USART1_IRQHandler                        0x08003559   Thumb Code   138  usart.o(i.USART1_IRQHandler)
    USART3_IRQHandler                        0x080035f5   Thumb Code    96  uart_select.o(i.USART3_IRQHandler)
    USART3_RX_Data                           0x08003661   Thumb Code    48  uart_select.o(i.USART3_RX_Data)
    USART_Cmd                                0x08003699   Thumb Code    24  stm32f10x_usart.o(i.USART_Cmd)
    USART_DeInit                             0x080036b1   Thumb Code   134  stm32f10x_usart.o(i.USART_DeInit)
    USART_GetITStatus                        0x0800374d   Thumb Code    84  stm32f10x_usart.o(i.USART_GetITStatus)
    USART_ITConfig                           0x080037a1   Thumb Code    74  stm32f10x_usart.o(i.USART_ITConfig)
    USART_Init                               0x080037ed   Thumb Code   210  stm32f10x_usart.o(i.USART_Init)
    USART_ReceiveData                        0x080038c5   Thumb Code    10  stm32f10x_usart.o(i.USART_ReceiveData)
    UsageFault_Handler                       0x080038cf   Thumb Code     4  stm32f10x_it.o(i.UsageFault_Handler)
    __ARM_fpclassify                         0x080038d3   Thumb Code    40  fpclassify.o(i.__ARM_fpclassify)
    __kernel_poly                            0x080038fb   Thumb Code   170  poly.o(i.__kernel_poly)
    __mathlib_dbl_divzero                    0x080039a5   Thumb Code    12  dunder.o(i.__mathlib_dbl_divzero)
    __mathlib_dbl_infnan                     0x080039b5   Thumb Code     6  dunder.o(i.__mathlib_dbl_infnan)
    __mathlib_dbl_infnan2                    0x080039bb   Thumb Code     4  dunder.o(i.__mathlib_dbl_infnan2)
    __mathlib_dbl_invalid                    0x080039bf   Thumb Code    12  dunder.o(i.__mathlib_dbl_invalid)
    __mathlib_dbl_overflow                   0x080039cb   Thumb Code    14  dunder.o(i.__mathlib_dbl_overflow)
    __mathlib_dbl_underflow                  0x080039d9   Thumb Code    10  dunder.o(i.__mathlib_dbl_underflow)
    _is_digit                                0x080039e9   Thumb Code    14  __printf_wp.o(i._is_digit)
    _sys_exit                                0x080039f7   Thumb Code     4  usart.o(i._sys_exit)
    atan                                     0x080039fd   Thumb Code   474  atan.o(i.atan)
    atan2                                    0x08003c1d   Thumb Code   346  atan2.o(i.atan2)
    bmp280GetData                            0x08003f95   Thumb Code   122  bmp280.o(i.bmp280GetData)
    delay_init                               0x08004075   Thumb Code    50  delay.o(i.delay_init)
    delay_ms                                 0x080040b9   Thumb Code    72  delay.o(i.delay_ms)
    delay_us                                 0x08004105   Thumb Code    72  delay.o(i.delay_us)
    fputc                                    0x08004151   Thumb Code    24  usart.o(i.fputc)
    iicDevRead                               0x0800416d   Thumb Code    96  myiic.o(i.iicDevRead)
    main                                     0x080041cd   Thumb Code    76  main.o(i.main)
    myabs                                    0x08004235   Thumb Code    34  icm_42688_p.o(i.myabs)
    pow                                      0x08004259   Thumb Code  2512  pow.o(i.pow)
    pressureAndTemperatureToAltitude         0x08004d31   Thumb Code   264  bmp280.o(i.pressureAndTemperatureToAltitude)
    sqrt                                     0x08004e5d   Thumb Code    76  sqrt.o(i.sqrt)
    uart_init                                0x08004ea9   Thumb Code   164  usart.o(i.uart_init)
    _get_lc_numeric                          0x08004f55   Thumb Code    44  lc_numeric_c.o(locale$$code)
    __aeabi_d2f                              0x08004f81   Thumb Code     0  d2f.o(x$fpl$d2f)
    _d2f                                     0x08004f81   Thumb Code    98  d2f.o(x$fpl$d2f)
    __aeabi_dadd                             0x08004fe5   Thumb Code     0  daddsub_clz.o(x$fpl$dadd)
    _dadd                                    0x08004fe5   Thumb Code   332  daddsub_clz.o(x$fpl$dadd)
    __fpl_dcheck_NaN1                        0x08005135   Thumb Code    10  dcheck1.o(x$fpl$dcheck1)
    __fpl_dcmp_Inf                           0x08005145   Thumb Code    24  dcmpi.o(x$fpl$dcmpinf)
    __aeabi_ddiv                             0x0800515d   Thumb Code     0  ddiv.o(x$fpl$ddiv)
    _ddiv                                    0x0800515d   Thumb Code   552  ddiv.o(x$fpl$ddiv)
    __aeabi_d2iz                             0x0800540d   Thumb Code     0  dfix.o(x$fpl$dfix)
    _dfix                                    0x0800540d   Thumb Code    94  dfix.o(x$fpl$dfix)
    __aeabi_i2d                              0x0800546b   Thumb Code     0  dflt_clz.o(x$fpl$dflt)
    _dflt                                    0x0800546b   Thumb Code    46  dflt_clz.o(x$fpl$dflt)
    __aeabi_ui2d                             0x08005499   Thumb Code     0  dflt_clz.o(x$fpl$dfltu)
    _dfltu                                   0x08005499   Thumb Code    38  dflt_clz.o(x$fpl$dfltu)
    __aeabi_cdcmple                          0x080054c1   Thumb Code     0  dleqf.o(x$fpl$dleqf)
    _dcmple                                  0x080054c1   Thumb Code   120  dleqf.o(x$fpl$dleqf)
    __fpl_dcmple_InfNaN                      0x08005523   Thumb Code     0  dleqf.o(x$fpl$dleqf)
    __aeabi_dmul                             0x08005539   Thumb Code     0  dmul.o(x$fpl$dmul)
    _dmul                                    0x08005539   Thumb Code   332  dmul.o(x$fpl$dmul)
    __fpl_dnaninf                            0x0800568d   Thumb Code   156  dnaninf.o(x$fpl$dnaninf)
    __fpl_dretinf                            0x08005729   Thumb Code    12  dretinf.o(x$fpl$dretinf)
    __aeabi_cdrcmple                         0x08005735   Thumb Code     0  drleqf.o(x$fpl$drleqf)
    _drcmple                                 0x08005735   Thumb Code   108  drleqf.o(x$fpl$drleqf)
    __aeabi_drsub                            0x080057a1   Thumb Code     0  daddsub_clz.o(x$fpl$drsb)
    _drsb                                    0x080057a1   Thumb Code    22  daddsub_clz.o(x$fpl$drsb)
    _dsqrt                                   0x080057b9   Thumb Code   456  dsqrt_noumaal.o(x$fpl$dsqrt)
    __aeabi_dsub                             0x08005985   Thumb Code     0  daddsub_clz.o(x$fpl$dsub)
    _dsub                                    0x08005985   Thumb Code   464  daddsub_clz.o(x$fpl$dsub)
    __aeabi_f2d                              0x08005b59   Thumb Code     0  f2d.o(x$fpl$f2d)
    _f2d                                     0x08005b59   Thumb Code    86  f2d.o(x$fpl$f2d)
    __aeabi_fadd                             0x08005bb1   Thumb Code     0  faddsub_clz.o(x$fpl$fadd)
    _fadd                                    0x08005bb1   Thumb Code   196  faddsub_clz.o(x$fpl$fadd)
    __fpl_fcmp_Inf                           0x08005c75   Thumb Code    24  fcmpi.o(x$fpl$fcmpinf)
    __aeabi_fdiv                             0x08005c8d   Thumb Code     0  fdiv.o(x$fpl$fdiv)
    _fdiv                                    0x08005c8d   Thumb Code   384  fdiv.o(x$fpl$fdiv)
    __aeabi_cfcmpeq                          0x08005e11   Thumb Code     0  feqf.o(x$fpl$feqf)
    _fcmpeq                                  0x08005e11   Thumb Code   104  feqf.o(x$fpl$feqf)
    __aeabi_ui2f                             0x08005e79   Thumb Code     0  fflt_clz.o(x$fpl$ffltu)
    _ffltu                                   0x08005e79   Thumb Code    38  fflt_clz.o(x$fpl$ffltu)
    __aeabi_fmul                             0x08005ea1   Thumb Code     0  fmul.o(x$fpl$fmul)
    _fmul                                    0x08005ea1   Thumb Code   258  fmul.o(x$fpl$fmul)
    __fpl_fnaninf                            0x08005fa3   Thumb Code   140  fnaninf.o(x$fpl$fnaninf)
    __fpl_fretinf                            0x0800602f   Thumb Code    10  fretinf.o(x$fpl$fretinf)
    __aeabi_frsub                            0x08006039   Thumb Code     0  faddsub_clz.o(x$fpl$frsb)
    _frsb                                    0x08006039   Thumb Code    20  faddsub_clz.o(x$fpl$frsb)
    __aeabi_fsub                             0x0800604d   Thumb Code     0  faddsub_clz.o(x$fpl$fsub)
    _fsub                                    0x0800604d   Thumb Code   234  faddsub_clz.o(x$fpl$fsub)
    _printf_fp_dec                           0x08006137   Thumb Code     4  printf1.o(x$fpl$printf1)
    __fpl_return_NaN                         0x0800613b   Thumb Code   100  retnan.o(x$fpl$retnan)
    __ARM_scalbn                             0x0800619f   Thumb Code    92  scalbn.o(x$fpl$scalbn)
    __fpl_cmpreturn                          0x080061fb   Thumb Code    48  trapv.o(x$fpl$trapveneer)
    __I$use$fp                               0x0800622a   Number         0  usenofp.o(x$fpl$usenofp)
    __mathlib_zero                           0x08006350   Data           8  qnan.o(.constdata)
    Region$$Table$$Base                      0x080063ec   Number         0  anon$$obj.o(Region$$Table)
    Region$$Table$$Limit                     0x0800640c   Number         0  anon$$obj.o(Region$$Table)
    SystemCoreClock                          0x20000000   Data           4  system_stm32f10x.o(.data)
    AHBPrescTable                            0x20000004   Data          16  system_stm32f10x.o(.data)
    ICM_42688_Addr_AD0_LOW_READ              0x20000028   Data           1  icm_42688_p.o(.data)
    ICM_42688_Addr_AD0_HIGH_READ             0x20000029   Data           1  icm_42688_p.o(.data)
    ICM_42688_Addr_AD0_LOW_WRITE             0x2000002a   Data           1  icm_42688_p.o(.data)
    ICM_42688_Addr_AD0_HIGH_WRITE            0x2000002b   Data           1  icm_42688_p.o(.data)
    Temp                                     0x20000030   Data           8  icm_42688_p.o(.data)
    USART3_RX_STA                            0x200000e0   Data           2  uart_select.o(.data)
    Integral_M0                              0x20000100   Data           8  fly_control_logic.o(.data)
    Integral_M1                              0x20000108   Data           8  fly_control_logic.o(.data)
    Integral_M2                              0x20000110   Data           8  fly_control_logic.o(.data)
    Integral_M3                              0x20000118   Data           8  fly_control_logic.o(.data)
    poly                                     0x20000124   Data           1  usart.o(.data)
    Res                                      0x20000125   Data           1  usart.o(.data)
    __stdout                                 0x20000128   Data           4  usart.o(.data)
    USART_RX_STA                             0x2000012c   Data           2  usart.o(.data)
    attu                                     0x20000130   Data          24  icm_42688_p.o(.bss)
    attu_loss                                0x20000148   Data          24  icm_42688_p.o(.bss)
    Gyro_Get                                 0x20000160   Data          24  icm_42688_p.o(.bss)
    Gyro_Last                                0x20000178   Data          24  icm_42688_p.o(.bss)
    Acc_Get                                  0x20000190   Data          24  icm_42688_p.o(.bss)
    Acc_Last                                 0x200001a8   Data          24  icm_42688_p.o(.bss)
    USART3_RX_BUF                            0x200001e0   Data          60  uart_select.o(.bss)
    USART3_TX_BUF                            0x2000021c   Data         600  uart_select.o(.bss)
    bmp280                                   0x20000474   Data          16  bmp280.o(.bss)
    bmp280Cal                                0x20000484   Data          28  bmp280.o(.bss)
    Pitch_M0_PID                             0x200004b8   Data          12  fly_control_logic.o(.bss)
    Pitch_M1_PID                             0x200004c4   Data          12  fly_control_logic.o(.bss)
    m_pwm                                    0x200004d0   Data          16  fly_control_logic.o(.bss)
    pitch_pwm                                0x200004e0   Data          16  fly_control_logic.o(.bss)
    base_pwm                                 0x200004f0   Data          16  fly_control_logic.o(.bss)
    row_pwm                                  0x20000500   Data          16  fly_control_logic.o(.bss)
    yaw_pwm                                  0x20000510   Data          16  fly_control_logic.o(.bss)
    FIXED_VALUE                              0x20000520   Data          24  fly_control_logic.o(.bss)
    lut                                      0x20000538   Data         256  usart.o(.bss)
    USART_RX_BUF                             0x20000638   Data         200  usart.o(.bss)
    __libspace_start                         0x20000700   Data          96  libspace.o(.bss)
    __temporary_stack_top$libspace           0x20000760   Data           0  libspace.o(.bss)



==============================================================================

Memory Map of the image

  Image Entry point : 0x08000131

  Load Region LR_IROM1 (Base: 0x08000000, Size: 0x00006558, Max: 0x00040000, ABSOLUTE, COMPRESSED[0x00006464])

    Execution Region ER_IROM1 (Exec base: 0x08000000, Load base: 0x08000000, Size: 0x00006428, Max: 0x00040000, ABSOLUTE)

    Exec Addr    Load Addr    Size         Type   Attr      Idx    E Section Name        Object

    0x08000000   0x08000000   0x00000130   Data   RO          132    RESET               startup_stm32f10x_hd.o
    0x08000130   0x08000130   0x00000008   Code   RO         3952  * !!!main             c_w.l(__main.o)
    0x08000138   0x08000138   0x00000034   Code   RO         4316    !!!scatter          c_w.l(__scatter.o)
    0x0800016c   0x0800016c   0x0000005a   Code   RO         4314    !!dczerorl2         c_w.l(__dczerorl2.o)
    0x080001c6   0x080001c6   0x00000002   PAD
    0x080001c8   0x080001c8   0x0000001c   Code   RO         4318    !!handler_zi        c_w.l(__scatter_zi.o)
    0x080001e4   0x080001e4   0x00000000   Code   RO         3949    .ARM.Collect$$_printf_percent$$00000000  c_w.l(_printf_percent.o)
    0x080001e4   0x080001e4   0x00000006   Code   RO         3948    .ARM.Collect$$_printf_percent$$00000003  c_w.l(_printf_f.o)
    0x080001ea   0x080001ea   0x00000004   Code   RO         4037    .ARM.Collect$$_printf_percent$$00000017  c_w.l(_printf_percent_end.o)
    0x080001ee   0x080001ee   0x00000002   Code   RO         4183    .ARM.Collect$$libinit$$00000000  c_w.l(libinit.o)
    0x080001f0   0x080001f0   0x00000000   Code   RO         4185    .ARM.Collect$$libinit$$00000002  c_w.l(libinit2.o)
    0x080001f0   0x080001f0   0x00000000   Code   RO         4187    .ARM.Collect$$libinit$$00000004  c_w.l(libinit2.o)
    0x080001f0   0x080001f0   0x00000000   Code   RO         4190    .ARM.Collect$$libinit$$0000000A  c_w.l(libinit2.o)
    0x080001f0   0x080001f0   0x00000000   Code   RO         4192    .ARM.Collect$$libinit$$0000000C  c_w.l(libinit2.o)
    0x080001f0   0x080001f0   0x00000000   Code   RO         4194    .ARM.Collect$$libinit$$0000000E  c_w.l(libinit2.o)
    0x080001f0   0x080001f0   0x00000006   Code   RO         4195    .ARM.Collect$$libinit$$0000000F  c_w.l(libinit2.o)
    0x080001f6   0x080001f6   0x00000000   Code   RO         4197    .ARM.Collect$$libinit$$00000011  c_w.l(libinit2.o)
    0x080001f6   0x080001f6   0x00000000   Code   RO         4199    .ARM.Collect$$libinit$$00000013  c_w.l(libinit2.o)
    0x080001f6   0x080001f6   0x00000000   Code   RO         4201    .ARM.Collect$$libinit$$00000015  c_w.l(libinit2.o)
    0x080001f6   0x080001f6   0x0000000a   Code   RO         4202    .ARM.Collect$$libinit$$00000016  c_w.l(libinit2.o)
    0x08000200   0x08000200   0x00000000   Code   RO         4203    .ARM.Collect$$libinit$$00000017  c_w.l(libinit2.o)
    0x08000200   0x08000200   0x00000000   Code   RO         4205    .ARM.Collect$$libinit$$00000019  c_w.l(libinit2.o)
    0x08000200   0x08000200   0x00000000   Code   RO         4207    .ARM.Collect$$libinit$$0000001B  c_w.l(libinit2.o)
    0x08000200   0x08000200   0x00000000   Code   RO         4209    .ARM.Collect$$libinit$$0000001D  c_w.l(libinit2.o)
    0x08000200   0x08000200   0x00000000   Code   RO         4211    .ARM.Collect$$libinit$$0000001F  c_w.l(libinit2.o)
    0x08000200   0x08000200   0x00000000   Code   RO         4213    .ARM.Collect$$libinit$$00000021  c_w.l(libinit2.o)
    0x08000200   0x08000200   0x00000000   Code   RO         4215    .ARM.Collect$$libinit$$00000023  c_w.l(libinit2.o)
    0x08000200   0x08000200   0x00000000   Code   RO         4217    .ARM.Collect$$libinit$$00000025  c_w.l(libinit2.o)
    0x08000200   0x08000200   0x00000000   Code   RO         4221    .ARM.Collect$$libinit$$0000002C  c_w.l(libinit2.o)
    0x08000200   0x08000200   0x00000000   Code   RO         4223    .ARM.Collect$$libinit$$0000002E  c_w.l(libinit2.o)
    0x08000200   0x08000200   0x00000000   Code   RO         4225    .ARM.Collect$$libinit$$00000030  c_w.l(libinit2.o)
    0x08000200   0x08000200   0x00000000   Code   RO         4227    .ARM.Collect$$libinit$$00000032  c_w.l(libinit2.o)
    0x08000200   0x08000200   0x00000002   Code   RO         4228    .ARM.Collect$$libinit$$00000033  c_w.l(libinit2.o)
    0x08000202   0x08000202   0x00000002   Code   RO         4274    .ARM.Collect$$libshutdown$$00000000  c_w.l(libshutdown.o)
    0x08000204   0x08000204   0x00000000   Code   RO         4283    .ARM.Collect$$libshutdown$$00000002  c_w.l(libshutdown2.o)
    0x08000204   0x08000204   0x00000000   Code   RO         4285    .ARM.Collect$$libshutdown$$00000004  c_w.l(libshutdown2.o)
    0x08000204   0x08000204   0x00000000   Code   RO         4288    .ARM.Collect$$libshutdown$$00000007  c_w.l(libshutdown2.o)
    0x08000204   0x08000204   0x00000000   Code   RO         4291    .ARM.Collect$$libshutdown$$0000000A  c_w.l(libshutdown2.o)
    0x08000204   0x08000204   0x00000000   Code   RO         4293    .ARM.Collect$$libshutdown$$0000000C  c_w.l(libshutdown2.o)
    0x08000204   0x08000204   0x00000000   Code   RO         4296    .ARM.Collect$$libshutdown$$0000000F  c_w.l(libshutdown2.o)
    0x08000204   0x08000204   0x00000002   Code   RO         4297    .ARM.Collect$$libshutdown$$00000010  c_w.l(libshutdown2.o)
    0x08000206   0x08000206   0x00000000   Code   RO         4028    .ARM.Collect$$rtentry$$00000000  c_w.l(__rtentry.o)
    0x08000206   0x08000206   0x00000000   Code   RO         4093    .ARM.Collect$$rtentry$$00000002  c_w.l(__rtentry2.o)
    0x08000206   0x08000206   0x00000006   Code   RO         4105    .ARM.Collect$$rtentry$$00000004  c_w.l(__rtentry4.o)
    0x0800020c   0x0800020c   0x00000000   Code   RO         4095    .ARM.Collect$$rtentry$$00000009  c_w.l(__rtentry2.o)
    0x0800020c   0x0800020c   0x00000004   Code   RO         4096    .ARM.Collect$$rtentry$$0000000A  c_w.l(__rtentry2.o)
    0x08000210   0x08000210   0x00000000   Code   RO         4098    .ARM.Collect$$rtentry$$0000000C  c_w.l(__rtentry2.o)
    0x08000210   0x08000210   0x00000008   Code   RO         4099    .ARM.Collect$$rtentry$$0000000D  c_w.l(__rtentry2.o)
    0x08000218   0x08000218   0x00000002   Code   RO         4231    .ARM.Collect$$rtexit$$00000000  c_w.l(rtexit.o)
    0x0800021a   0x0800021a   0x00000000   Code   RO         4244    .ARM.Collect$$rtexit$$00000002  c_w.l(rtexit2.o)
    0x0800021a   0x0800021a   0x00000004   Code   RO         4245    .ARM.Collect$$rtexit$$00000003  c_w.l(rtexit2.o)
    0x0800021e   0x0800021e   0x00000006   Code   RO         4246    .ARM.Collect$$rtexit$$00000004  c_w.l(rtexit2.o)
    0x08000224   0x08000224   0x00000040   Code   RO          133    .text               startup_stm32f10x_hd.o
    0x08000264   0x08000264   0x00000002   Code   RO         3918    .text               c_w.l(use_no_semi_2.o)
    0x08000266   0x08000266   0x00000048   Code   RO         3920    .text               c_w.l(llsdiv.o)
    0x080002ae   0x080002ae   0x00000002   PAD
    0x080002b0   0x080002b0   0x00000018   Code   RO         3924    .text               c_w.l(noretval__2printf.o)
    0x080002c8   0x080002c8   0x0000010e   Code   RO         3936    .text               c_w.l(__printf_wp.o)
    0x080003d6   0x080003d6   0x00000006   Code   RO         3950    .text               c_w.l(heapauxi.o)
    0x080003dc   0x080003dc   0x00000002   Code   RO         4026    .text               c_w.l(use_no_semi.o)
    0x080003de   0x080003de   0x000000ee   Code   RO         4029    .text               c_w.l(lludivv7m.o)
    0x080004cc   0x080004cc   0x00000016   Code   RO         4031    .text               c_w.l(_rserrno.o)
    0x080004e2   0x080004e2   0x0000041e   Code   RO         4033    .text               c_w.l(_printf_fp_dec.o)
    0x08000900   0x08000900   0x00000024   Code   RO         4035    .text               c_w.l(_printf_char_file.o)
    0x08000924   0x08000924   0x00000008   Code   RO         4114    .text               c_w.l(rt_locale_intlibspace.o)
    0x0800092c   0x0800092c   0x00000008   Code   RO         4119    .text               c_w.l(rt_errno_addr_intlibspace.o)
    0x08000934   0x08000934   0x0000008a   Code   RO         4121    .text               c_w.l(lludiv10.o)
    0x080009be   0x080009be   0x00000002   PAD
    0x080009c0   0x080009c0   0x00000030   Code   RO         4123    .text               c_w.l(_printf_char_common.o)
    0x080009f0   0x080009f0   0x00000080   Code   RO         4125    .text               c_w.l(_printf_fp_infnan.o)
    0x08000a70   0x08000a70   0x000000e4   Code   RO         4127    .text               c_w.l(bigflt0.o)
    0x08000b54   0x08000b54   0x00000008   Code   RO         4152    .text               c_w.l(ferror.o)
    0x08000b5c   0x08000b5c   0x00000008   Code   RO         4165    .text               c_w.l(libspace.o)
    0x08000b64   0x08000b64   0x0000004a   Code   RO         4168    .text               c_w.l(sys_stackheap_outer.o)
    0x08000bae   0x08000bae   0x00000012   Code   RO         4174    .text               c_w.l(exit.o)
    0x08000bc0   0x08000bc0   0x00000080   Code   RO         4176    .text               c_w.l(strcmpv7m.o)
    0x08000c40   0x08000c40   0x0000003e   Code   RO         4130    CL$$btod_d2e        c_w.l(btod.o)
    0x08000c7e   0x08000c7e   0x00000046   Code   RO         4132    CL$$btod_d2e_denorm_low  c_w.l(btod.o)
    0x08000cc4   0x08000cc4   0x00000060   Code   RO         4131    CL$$btod_d2e_norm_op1  c_w.l(btod.o)
    0x08000d24   0x08000d24   0x00000338   Code   RO         4140    CL$$btod_div_common  c_w.l(btod.o)
    0x0800105c   0x0800105c   0x000000dc   Code   RO         4137    CL$$btod_e2e        c_w.l(btod.o)
    0x08001138   0x08001138   0x0000002a   Code   RO         4134    CL$$btod_ediv       c_w.l(btod.o)
    0x08001162   0x08001162   0x0000002a   Code   RO         4133    CL$$btod_emul       c_w.l(btod.o)
    0x0800118c   0x0800118c   0x00000244   Code   RO         4139    CL$$btod_mult_common  c_w.l(btod.o)
    0x080013d0   0x080013d0   0x0000000c   Code   RO         3484    i.Attitude_Calculate  fly_control_logic.o
    0x080013dc   0x080013dc   0x00000004   Code   RO         3853    i.BusFault_Handler  stm32f10x_it.o
    0x080013e0   0x080013e0   0x0000003c   Code   RO         3658    i.CRC_INIT          usart.o
    0x0800141c   0x0800141c   0x00000002   Code   RO         3854    i.DebugMon_Handler  stm32f10x_it.o
    0x0800141e   0x0800141e   0x00000002   PAD
    0x08001420   0x08001420   0x000000a4   Code   RO         3712    i.EXTI0_IRQHandler  interrupt.o
    0x080014c4   0x080014c4   0x0000000c   Code   RO          985    i.EXTI_ClearITPendingBit  stm32f10x_exti.o
    0x080014d0   0x080014d0   0x00000028   Code   RO          989    i.EXTI_GetITStatus  stm32f10x_exti.o
    0x080014f8   0x080014f8   0x00000104   Code   RO         3485    i.FLY_BIOS_INIT     fly_control_logic.o
    0x080015fc   0x080015fc   0x000000e0   Code   RO         3553    i.FLY_PWM_Port_Init  motor_ctrl.o
    0x080016dc   0x080016dc   0x00000116   Code   RO         1347    i.GPIO_Init         stm32f10x_gpio.o
    0x080017f2   0x080017f2   0x00000012   Code   RO         1351    i.GPIO_ReadInputDataBit  stm32f10x_gpio.o
    0x08001804   0x08001804   0x00000004   Code   RO         1354    i.GPIO_ResetBits    stm32f10x_gpio.o
    0x08001808   0x08001808   0x00000004   Code   RO         1355    i.GPIO_SetBits      stm32f10x_gpio.o
    0x0800180c   0x0800180c   0x000003e8   Code   RO         3196    i.GYRO_ACC_TEMP_GET  icm_42688_p.o
    0x08001bf4   0x08001bf4   0x00000004   Code   RO         3855    i.HardFault_Handler  stm32f10x_it.o
    0x08001bf8   0x08001bf8   0x00000018   Code   RO         1459    i.I2C_AcknowledgeConfig  stm32f10x_i2c.o
    0x08001c10   0x08001c10   0x0000002a   Code   RO         1461    i.I2C_CheckEvent    stm32f10x_i2c.o
    0x08001c3a   0x08001c3a   0x00000018   Code   RO         1464    i.I2C_Cmd           stm32f10x_i2c.o
    0x08001c52   0x08001c52   0x00000018   Code   RO         1471    i.I2C_GenerateSTART  stm32f10x_i2c.o
    0x08001c6a   0x08001c6a   0x00000018   Code   RO         1472    i.I2C_GenerateSTOP  stm32f10x_i2c.o
    0x08001c82   0x08001c82   0x00000002   PAD
    0x08001c84   0x08001c84   0x000000ec   Code   RO         1478    i.I2C_Init          stm32f10x_i2c.o
    0x08001d70   0x08001d70   0x00000008   Code   RO         1483    i.I2C_ReceiveData   stm32f10x_i2c.o
    0x08001d78   0x08001d78   0x00000012   Code   RO         1485    i.I2C_Send7bitAddress  stm32f10x_i2c.o
    0x08001d8a   0x08001d8a   0x00000004   Code   RO         1486    i.I2C_SendData      stm32f10x_i2c.o
    0x08001d8e   0x08001d8e   0x0000002e   Code   RO         3197    i.ICM_ACC_INIT      icm_42688_p.o
    0x08001dbc   0x08001dbc   0x00000042   Code   RO         3198    i.ICM_Gyroscope_INIT  icm_42688_p.o
    0x08001dfe   0x08001dfe   0x00000002   PAD
    0x08001e00   0x08001e00   0x000000a4   Code   RO         3199    i.ICM_IIC_READ_BYTE  icm_42688_p.o
    0x08001ea4   0x08001ea4   0x0000006c   Code   RO         3200    i.ICM_IIC_WRITE_BYTE  icm_42688_p.o
    0x08001f10   0x08001f10   0x000000b2   Code   RO         3201    i.ICM_INIT          icm_42688_p.o
    0x08001fc2   0x08001fc2   0x00000002   PAD
    0x08001fc4   0x08001fc4   0x00000090   Code   RO         3202    i.ICM_Port_Init     icm_42688_p.o
    0x08002054   0x08002054   0x00000050   Code   RO         3746    i.IIC_Ack           myiic.o
    0x080020a4   0x080020a4   0x00000040   Code   RO         3747    i.IIC_Init          myiic.o
    0x080020e4   0x080020e4   0x00000050   Code   RO         3748    i.IIC_NAck          myiic.o
    0x08002134   0x08002134   0x00000070   Code   RO         3749    i.IIC_Read_Byte     myiic.o
    0x080021a4   0x080021a4   0x00000068   Code   RO         3750    i.IIC_Send_Byte     myiic.o
    0x0800220c   0x0800220c   0x0000004c   Code   RO         3751    i.IIC_Start         myiic.o
    0x08002258   0x08002258   0x0000004c   Code   RO         3752    i.IIC_Stop          myiic.o
    0x080022a4   0x080022a4   0x00000022   Code   RO         3203    i.IIC_WaitEvent     icm_42688_p.o
    0x080022c6   0x080022c6   0x00000002   PAD
    0x080022c8   0x080022c8   0x00000064   Code   RO         3753    i.IIC_Wait_Ack      myiic.o
    0x0800232c   0x0800232c   0x00000300   Code   RO         3204    i.Kalman_Filter_X   icm_42688_p.o
    0x0800262c   0x0800262c   0x00000304   Code   RO         3205    i.Kalman_Filter_Y   icm_42688_p.o
    0x08002930   0x08002930   0x000001d8   Code   RO         3486    i.Load_Attu_PID     fly_control_logic.o
    0x08002b08   0x08002b08   0x00000004   Code   RO         3856    i.MemManage_Handler  stm32f10x_it.o
    0x08002b0c   0x08002b0c   0x00000002   Code   RO         3857    i.NMI_Handler       stm32f10x_it.o
    0x08002b0e   0x08002b0e   0x00000002   PAD
    0x08002b10   0x08002b10   0x00000070   Code   RO          137    i.NVIC_Init         misc.o
    0x08002b80   0x08002b80   0x00000014   Code   RO          138    i.NVIC_PriorityGroupConfig  misc.o
    0x08002b94   0x08002b94   0x00000002   Code   RO         3858    i.PendSV_Handler    stm32f10x_it.o
    0x08002b96   0x08002b96   0x00000002   PAD
    0x08002b98   0x08002b98   0x00000020   Code   RO         1774    i.RCC_AHBPeriphClockCmd  stm32f10x_rcc.o
    0x08002bb8   0x08002bb8   0x00000020   Code   RO         1775    i.RCC_APB1PeriphClockCmd  stm32f10x_rcc.o
    0x08002bd8   0x08002bd8   0x00000020   Code   RO         1776    i.RCC_APB1PeriphResetCmd  stm32f10x_rcc.o
    0x08002bf8   0x08002bf8   0x00000020   Code   RO         1777    i.RCC_APB2PeriphClockCmd  stm32f10x_rcc.o
    0x08002c18   0x08002c18   0x00000020   Code   RO         1778    i.RCC_APB2PeriphResetCmd  stm32f10x_rcc.o
    0x08002c38   0x08002c38   0x000000d4   Code   RO         1785    i.RCC_GetClocksFreq  stm32f10x_rcc.o
    0x08002d0c   0x08002d0c   0x00000002   Code   RO         3859    i.SVC_Handler       stm32f10x_it.o
    0x08002d0e   0x08002d0e   0x00000008   Code   RO           17    i.SetSysClock       system_stm32f10x.o
    0x08002d16   0x08002d16   0x00000002   PAD
    0x08002d18   0x08002d18   0x000000e0   Code   RO           18    i.SetSysClockTo72   system_stm32f10x.o
    0x08002df8   0x08002df8   0x00000110   Code   RO         3554    i.Set_Duty          motor_ctrl.o
    0x08002f08   0x08002f08   0x00000028   Code   RO          141    i.SysTick_CLKSourceConfig  misc.o
    0x08002f30   0x08002f30   0x00000002   Code   RO         3860    i.SysTick_Handler   stm32f10x_it.o
    0x08002f32   0x08002f32   0x00000002   PAD
    0x08002f34   0x08002f34   0x00000060   Code   RO           20    i.SystemInit        system_stm32f10x.o
    0x08002f94   0x08002f94   0x0000002c   Code   RO         3637    i.TIM2_IRQHandler   timer.o
    0x08002fc0   0x08002fc0   0x00000078   Code   RO         3487    i.TIM4_IRQHandler   fly_control_logic.o
    0x08003038   0x08003038   0x00000084   Code   RO         3488    i.TIM4_Interrupt_Init  fly_control_logic.o
    0x080030bc   0x080030bc   0x00000006   Code   RO         2415    i.TIM_ClearFlag     stm32f10x_tim.o
    0x080030c2   0x080030c2   0x00000006   Code   RO         2416    i.TIM_ClearITPendingBit  stm32f10x_tim.o
    0x080030c8   0x080030c8   0x00000018   Code   RO         2421    i.TIM_Cmd           stm32f10x_tim.o
    0x080030e0   0x080030e0   0x00000022   Code   RO         2442    i.TIM_GetITStatus   stm32f10x_tim.o
    0x08003102   0x08003102   0x00000012   Code   RO         2446    i.TIM_ITConfig      stm32f10x_tim.o
    0x08003114   0x08003114   0x0000000c   Code   RO         2448    i.TIM_InternalClockConfig  stm32f10x_tim.o
    0x08003120   0x08003120   0x00000098   Code   RO         2450    i.TIM_OC1Init       stm32f10x_tim.o
    0x080031b8   0x080031b8   0x00000012   Code   RO         2453    i.TIM_OC1PreloadConfig  stm32f10x_tim.o
    0x080031ca   0x080031ca   0x00000002   PAD
    0x080031cc   0x080031cc   0x000000a4   Code   RO         2455    i.TIM_OC2Init       stm32f10x_tim.o
    0x08003270   0x08003270   0x0000001a   Code   RO         2458    i.TIM_OC2PreloadConfig  stm32f10x_tim.o
    0x0800328a   0x0800328a   0x00000002   PAD
    0x0800328c   0x0800328c   0x000000a0   Code   RO         2460    i.TIM_OC3Init       stm32f10x_tim.o
    0x0800332c   0x0800332c   0x00000012   Code   RO         2463    i.TIM_OC3PreloadConfig  stm32f10x_tim.o
    0x0800333e   0x0800333e   0x00000002   PAD
    0x08003340   0x08003340   0x0000007c   Code   RO         2465    i.TIM_OC4Init       stm32f10x_tim.o
    0x080033bc   0x080033bc   0x0000001a   Code   RO         2467    i.TIM_OC4PreloadConfig  stm32f10x_tim.o
    0x080033d6   0x080033d6   0x00000014   Code   RO         2468    i.TIM_OCStructInit  stm32f10x_tim.o
    0x080033ea   0x080033ea   0x00000004   Code   RO         2482    i.TIM_SetCompare1   stm32f10x_tim.o
    0x080033ee   0x080033ee   0x00000004   Code   RO         2483    i.TIM_SetCompare2   stm32f10x_tim.o
    0x080033f2   0x080033f2   0x00000004   Code   RO         2484    i.TIM_SetCompare3   stm32f10x_tim.o
    0x080033f6   0x080033f6   0x00000006   Code   RO         2485    i.TIM_SetCompare4   stm32f10x_tim.o
    0x080033fc   0x080033fc   0x000000a4   Code   RO         2492    i.TIM_TimeBaseInit  stm32f10x_tim.o
    0x080034a0   0x080034a0   0x000000b8   Code   RO         3373    i.UART_Init         uart_select.o
    0x08003558   0x08003558   0x0000009c   Code   RO         3659    i.USART1_IRQHandler  usart.o
    0x080035f4   0x080035f4   0x0000006c   Code   RO         3374    i.USART3_IRQHandler  uart_select.o
    0x08003660   0x08003660   0x00000038   Code   RO         3375    i.USART3_RX_Data    uart_select.o
    0x08003698   0x08003698   0x00000018   Code   RO         2960    i.USART_Cmd         stm32f10x_usart.o
    0x080036b0   0x080036b0   0x0000009c   Code   RO         2962    i.USART_DeInit      stm32f10x_usart.o
    0x0800374c   0x0800374c   0x00000054   Code   RO         2964    i.USART_GetITStatus  stm32f10x_usart.o
    0x080037a0   0x080037a0   0x0000004a   Code   RO         2966    i.USART_ITConfig    stm32f10x_usart.o
    0x080037ea   0x080037ea   0x00000002   PAD
    0x080037ec   0x080037ec   0x000000d8   Code   RO         2967    i.USART_Init        stm32f10x_usart.o
    0x080038c4   0x080038c4   0x0000000a   Code   RO         2974    i.USART_ReceiveData  stm32f10x_usart.o
    0x080038ce   0x080038ce   0x00000004   Code   RO         3861    i.UsageFault_Handler  stm32f10x_it.o
    0x080038d2   0x080038d2   0x00000028   Code   RO         4079    i.__ARM_fpclassify  m_ws.l(fpclassify.o)
    0x080038fa   0x080038fa   0x000000aa   Code   RO         4081    i.__kernel_poly     m_ws.l(poly.o)
    0x080039a4   0x080039a4   0x00000010   Code   RO         4065    i.__mathlib_dbl_divzero  m_ws.l(dunder.o)
    0x080039b4   0x080039b4   0x00000006   Code   RO         4066    i.__mathlib_dbl_infnan  m_ws.l(dunder.o)
    0x080039ba   0x080039ba   0x00000004   Code   RO         4067    i.__mathlib_dbl_infnan2  m_ws.l(dunder.o)
    0x080039be   0x080039be   0x0000000c   Code   RO         4068    i.__mathlib_dbl_invalid  m_ws.l(dunder.o)
    0x080039ca   0x080039ca   0x0000000e   Code   RO         4069    i.__mathlib_dbl_overflow  m_ws.l(dunder.o)
    0x080039d8   0x080039d8   0x00000010   Code   RO         4071    i.__mathlib_dbl_underflow  m_ws.l(dunder.o)
    0x080039e8   0x080039e8   0x0000000e   Code   RO         3938    i._is_digit         c_w.l(__printf_wp.o)
    0x080039f6   0x080039f6   0x00000004   Code   RO         3660    i._sys_exit         usart.o
    0x080039fa   0x080039fa   0x00000002   PAD
    0x080039fc   0x080039fc   0x00000220   Code   RO         4056    i.atan              m_ws.l(atan.o)
    0x08003c1c   0x08003c1c   0x00000180   Code   RO         4009    i.atan2             m_ws.l(atan2.o)
    0x08003d9c   0x08003d9c   0x000001b0   Code   RO         3419    i.bmp280CompensateP  bmp280.o
    0x08003f4c   0x08003f4c   0x00000048   Code   RO         3420    i.bmp280CompensateT  bmp280.o
    0x08003f94   0x08003f94   0x00000094   Code   RO         3421    i.bmp280GetData     bmp280.o
    0x08004028   0x08004028   0x0000004c   Code   RO         3422    i.bmp280GetPressure  bmp280.o
    0x08004074   0x08004074   0x00000044   Code   RO         3574    i.delay_init        delay.o
    0x080040b8   0x080040b8   0x0000004c   Code   RO         3575    i.delay_ms          delay.o
    0x08004104   0x08004104   0x0000004c   Code   RO         3576    i.delay_us          delay.o
    0x08004150   0x08004150   0x0000001c   Code   RO         3661    i.fputc             usart.o
    0x0800416c   0x0800416c   0x00000060   Code   RO         3754    i.iicDevRead        myiic.o
    0x080041cc   0x080041cc   0x00000068   Code   RO         3827    i.main              main.o
    0x08004234   0x08004234   0x00000022   Code   RO         3206    i.myabs             icm_42688_p.o
    0x08004256   0x08004256   0x00000002   PAD
    0x08004258   0x08004258   0x000009d8   Code   RO         4017    i.pow               m_ws.l(pow.o)
    0x08004c30   0x08004c30   0x00000100   Code   RO         3425    i.presssureFilter   bmp280.o
    0x08004d30   0x08004d30   0x0000012c   Code   RO         3426    i.pressureAndTemperatureToAltitude  bmp280.o
    0x08004e5c   0x08004e5c   0x0000004c   Code   RO         4085    i.sqrt              m_ws.l(sqrt.o)
    0x08004ea8   0x08004ea8   0x000000ac   Code   RO         3662    i.uart_init         usart.o
    0x08004f54   0x08004f54   0x0000002c   Code   RO         4157    locale$$code        c_w.l(lc_numeric_c.o)
    0x08004f80   0x08004f80   0x00000062   Code   RO         3954    x$fpl$d2f           fz_ws.l(d2f.o)
    0x08004fe2   0x08004fe2   0x00000002   PAD
    0x08004fe4   0x08004fe4   0x00000150   Code   RO         3956    x$fpl$dadd          fz_ws.l(daddsub_clz.o)
    0x08005134   0x08005134   0x00000010   Code   RO         4159    x$fpl$dcheck1       fz_ws.l(dcheck1.o)
    0x08005144   0x08005144   0x00000018   Code   RO         4038    x$fpl$dcmpinf       fz_ws.l(dcmpi.o)
    0x0800515c   0x0800515c   0x000002b0   Code   RO         3963    x$fpl$ddiv          fz_ws.l(ddiv.o)
    0x0800540c   0x0800540c   0x0000005e   Code   RO         3966    x$fpl$dfix          fz_ws.l(dfix.o)
    0x0800546a   0x0800546a   0x0000002e   Code   RO         3971    x$fpl$dflt          fz_ws.l(dflt_clz.o)
    0x08005498   0x08005498   0x00000026   Code   RO         3970    x$fpl$dfltu         fz_ws.l(dflt_clz.o)
    0x080054be   0x080054be   0x00000002   PAD
    0x080054c0   0x080054c0   0x00000078   Code   RO         3976    x$fpl$dleqf         fz_ws.l(dleqf.o)
    0x08005538   0x08005538   0x00000154   Code   RO         3978    x$fpl$dmul          fz_ws.l(dmul.o)
    0x0800568c   0x0800568c   0x0000009c   Code   RO         4040    x$fpl$dnaninf       fz_ws.l(dnaninf.o)
    0x08005728   0x08005728   0x0000000c   Code   RO         4042    x$fpl$dretinf       fz_ws.l(dretinf.o)
    0x08005734   0x08005734   0x0000006c   Code   RO         3980    x$fpl$drleqf        fz_ws.l(drleqf.o)
    0x080057a0   0x080057a0   0x00000016   Code   RO         3957    x$fpl$drsb          fz_ws.l(daddsub_clz.o)
    0x080057b6   0x080057b6   0x00000002   PAD
    0x080057b8   0x080057b8   0x000001cc   Code   RO         4161    x$fpl$dsqrt         fz_ws.l(dsqrt_noumaal.o)
    0x08005984   0x08005984   0x000001d4   Code   RO         3958    x$fpl$dsub          fz_ws.l(daddsub_clz.o)
    0x08005b58   0x08005b58   0x00000056   Code   RO         3982    x$fpl$f2d           fz_ws.l(f2d.o)
    0x08005bae   0x08005bae   0x00000002   PAD
    0x08005bb0   0x08005bb0   0x000000c4   Code   RO         3984    x$fpl$fadd          fz_ws.l(faddsub_clz.o)
    0x08005c74   0x08005c74   0x00000018   Code   RO         4044    x$fpl$fcmpinf       fz_ws.l(fcmpi.o)
    0x08005c8c   0x08005c8c   0x00000184   Code   RO         3991    x$fpl$fdiv          fz_ws.l(fdiv.o)
    0x08005e10   0x08005e10   0x00000068   Code   RO         3994    x$fpl$feqf          fz_ws.l(feqf.o)
    0x08005e78   0x08005e78   0x00000026   Code   RO         3996    x$fpl$ffltu         fz_ws.l(fflt_clz.o)
    0x08005e9e   0x08005e9e   0x00000002   PAD
    0x08005ea0   0x08005ea0   0x00000102   Code   RO         4002    x$fpl$fmul          fz_ws.l(fmul.o)
    0x08005fa2   0x08005fa2   0x0000008c   Code   RO         4048    x$fpl$fnaninf       fz_ws.l(fnaninf.o)
    0x0800602e   0x0800602e   0x0000000a   Code   RO         4050    x$fpl$fretinf       fz_ws.l(fretinf.o)
    0x08006038   0x08006038   0x00000014   Code   RO         3985    x$fpl$frsb          fz_ws.l(faddsub_clz.o)
    0x0800604c   0x0800604c   0x000000ea   Code   RO         3986    x$fpl$fsub          fz_ws.l(faddsub_clz.o)
    0x08006136   0x08006136   0x00000004   Code   RO         4006    x$fpl$printf1       fz_ws.l(printf1.o)
    0x0800613a   0x0800613a   0x00000064   Code   RO         4229    x$fpl$retnan        fz_ws.l(retnan.o)
    0x0800619e   0x0800619e   0x0000005c   Code   RO         4052    x$fpl$scalbn        fz_ws.l(scalbn.o)
    0x080061fa   0x080061fa   0x00000030   Code   RO         4241    x$fpl$trapveneer    fz_ws.l(trapv.o)
    0x0800622a   0x0800622a   0x00000000   Code   RO         4054    x$fpl$usenofp       fz_ws.l(usenofp.o)
    0x0800622a   0x0800622a   0x00000006   PAD
    0x08006230   0x08006230   0x00000088   Data   RO         4018    .constdata          m_ws.l(pow.o)
    0x080062b8   0x080062b8   0x00000098   Data   RO         4057    .constdata          m_ws.l(atan.o)
    0x08006350   0x08006350   0x00000008   Data   RO         4083    .constdata          m_ws.l(qnan.o)
    0x08006358   0x08006358   0x00000094   Data   RO         4128    .constdata          c_w.l(bigflt0.o)
    0x080063ec   0x080063ec   0x00000020   Data   RO         4312    Region$$Table       anon$$obj.o
    0x0800640c   0x0800640c   0x0000001c   Data   RO         4156    locale$$data        c_w.l(lc_numeric_c.o)


    Execution Region RW_IRAM1 (Exec base: 0x20000000, Load base: 0x08006428, Size: 0x00000d60, Max: 0x0000c000, ABSOLUTE, COMPRESSED[0x0000003c])

    Exec Addr    Load Addr    Size         Type   Attr      Idx    E Section Name        Object

    0x20000000   COMPRESSED   0x00000014   Data   RW           21    .data               system_stm32f10x.o
    0x20000014   COMPRESSED   0x00000014   Data   RW         1805    .data               stm32f10x_rcc.o
    0x20000028   COMPRESSED   0x000000b8   Data   RW         3208    .data               icm_42688_p.o
    0x200000e0   COMPRESSED   0x00000002   Data   RW         3377    .data               uart_select.o
    0x200000e2   COMPRESSED   0x00000002   PAD
    0x200000e4   COMPRESSED   0x00000018   Data   RW         3428    .data               bmp280.o
    0x200000fc   COMPRESSED   0x00000004   PAD
    0x20000100   COMPRESSED   0x00000020   Data   RW         3491    .data               fly_control_logic.o
    0x20000120   COMPRESSED   0x00000004   Data   RW         3577    .data               delay.o
    0x20000124   COMPRESSED   0x0000000a   Data   RW         3664    .data               usart.o
    0x2000012e   COMPRESSED   0x00000002   PAD
    0x20000130        -       0x000000b0   Zero   RW         3207    .bss                icm_42688_p.o
    0x200001e0        -       0x00000294   Zero   RW         3376    .bss                uart_select.o
    0x20000474        -       0x00000040   Zero   RW         3427    .bss                bmp280.o
    0x200004b4   COMPRESSED   0x00000004   PAD
    0x200004b8        -       0x00000080   Zero   RW         3490    .bss                fly_control_logic.o
    0x20000538        -       0x000001c8   Zero   RW         3663    .bss                usart.o
    0x20000700        -       0x00000060   Zero   RW         4166    .bss                c_w.l(libspace.o)
    0x20000760        -       0x00000200   Zero   RW          131    HEAP                startup_stm32f10x_hd.o
    0x20000960        -       0x00000400   Zero   RW          130    STACK               startup_stm32f10x_hd.o


==============================================================================

Image component sizes


      Code (inc. data)   RO Data    RW Data    ZI Data      Debug   Object Name

      1284         96          0         24         64       6402   bmp280.o
         0          0          0          0          0       4548   core_cm3.o
       220         26          0          4          0       1555   delay.o
       996        112          0         32        128       4366   fly_control_logic.o
      3314        324          0        184        176     259628   icm_42688_p.o
       164         52          0          0          0        487   interrupt.o
       104         28          0          0          0        435   main.o
       172         22          0          0          0     206477   misc.o
       496         22          0          0          0       1415   motor_ctrl.o
       788        110          0          0          0       4839   myiic.o
        64         26        304          0       1536        772   startup_stm32f10x_hd.o
         0          0          0          0          0       1632   stm32f10x_adc.o
        52         12          0          0          0       1004   stm32f10x_exti.o
       304          0          0          0          0      11624   stm32f10x_gpio.o
       404         14          0          0          0      14252   stm32f10x_i2c.o
        26          0          0          0          0       3566   stm32f10x_it.o
       372         50          0         20          0      14332   stm32f10x_rcc.o
       990         92          0          0          0      31455   stm32f10x_tim.o
       564         28          0          0          0      11137   stm32f10x_usart.o
       328         28          0         20          0      45297   system_stm32f10x.o
        44          8          0          0          0        426   timer.o
       348         32          0          2        660       2429   uart_select.o
       420         38          0         10        456       4668   usart.o

    ----------------------------------------------------------------------
     11484       1120        336        304       3024     632746   Object Totals
         0          0         32          0          0          0   (incl. Generated)
        30          0          0          8          4          0   (incl. Padding)

    ----------------------------------------------------------------------

      Code (inc. data)   RO Data    RW Data    ZI Data      Debug   Library Member Name

        90          0          0          0          0          0   __dczerorl2.o
         8          0          0          0          0         68   __main.o
       284          0          0          0          0        156   __printf_wp.o
         0          0          0          0          0          0   __rtentry.o
        12          0          0          0          0          0   __rtentry2.o
         6          0          0          0          0          0   __rtentry4.o
        52          8          0          0          0          0   __scatter.o
        28          0          0          0          0          0   __scatter_zi.o
        48          6          0          0          0         96   _printf_char_common.o
        36          4          0          0          0         80   _printf_char_file.o
         6          0          0          0          0          0   _printf_f.o
      1054          0          0          0          0        216   _printf_fp_dec.o
       128         16          0          0          0         84   _printf_fp_infnan.o
         0          0          0          0          0          0   _printf_percent.o
         4          0          0          0          0          0   _printf_percent_end.o
        22          0          0          0          0        100   _rserrno.o
       228          4        148          0          0         96   bigflt0.o
      1936        128          0          0          0        672   btod.o
        18          0          0          0          0         80   exit.o
         8          0          0          0          0         68   ferror.o
         6          0          0          0          0        152   heapauxi.o
        44         10         28          0          0         76   lc_numeric_c.o
         2          0          0          0          0          0   libinit.o
        18          0          0          0          0          0   libinit2.o
         2          0          0          0          0          0   libshutdown.o
         2          0          0          0          0          0   libshutdown2.o
         8          4          0          0         96         68   libspace.o
        72          0          0          0          0         76   llsdiv.o
       138          0          0          0          0         80   lludiv10.o
       238          0          0          0          0        100   lludivv7m.o
        24          4          0          0          0         84   noretval__2printf.o
         8          4          0          0          0         68   rt_errno_addr_intlibspace.o
         8          4          0          0          0         68   rt_locale_intlibspace.o
         2          0          0          0          0          0   rtexit.o
        10          0          0          0          0          0   rtexit2.o
       128          0          0          0          0         68   strcmpv7m.o
        74          0          0          0          0         80   sys_stackheap_outer.o
         2          0          0          0          0         68   use_no_semi.o
         2          0          0          0          0         68   use_no_semi_2.o
        98          4          0          0          0         92   d2f.o
       826         16          0          0          0        348   daddsub_clz.o
        16          4          0          0          0         68   dcheck1.o
        24          0          0          0          0         68   dcmpi.o
       688        140          0          0          0        208   ddiv.o
        94          4          0          0          0         92   dfix.o
        84          0          0          0          0        136   dflt_clz.o
       120          4          0          0          0         92   dleqf.o
       340         12          0          0          0        104   dmul.o
       156          4          0          0          0         92   dnaninf.o
        12          0          0          0          0         68   dretinf.o
       108          0          0          0          0         80   drleqf.o
       460         56          0          0          0        120   dsqrt_noumaal.o
        86          4          0          0          0         84   f2d.o
       450          8          0          0          0        236   faddsub_clz.o
        24          0          0          0          0         68   fcmpi.o
       388         76          0          0          0         96   fdiv.o
       104          4          0          0          0         84   feqf.o
        38          0          0          0          0         68   fflt_clz.o
       258          4          0          0          0         84   fmul.o
       140          4          0          0          0         84   fnaninf.o
        10          0          0          0          0         68   fretinf.o
         4          0          0          0          0         68   printf1.o
       100          0          0          0          0         68   retnan.o
        92          0          0          0          0         68   scalbn.o
        48          0          0          0          0         68   trapv.o
         0          0          0          0          0          0   usenofp.o
       544         70        152          0          0        124   atan.o
       384         38          0          0          0        144   atan2.o
        68         10          0          0          0        408   dunder.o
        40          0          0          0          0         68   fpclassify.o
       170          0          0          0          0         96   poly.o
      2520        190        136          0          0        324   pow.o
         0          0          8          0          0          0   qnan.o
        76          0          0          0          0         84   sqrt.o

    ----------------------------------------------------------------------
     13348        844        472          0         96       6732   Library Totals
        22          0          0          0          0          0   (incl. Padding)

    ----------------------------------------------------------------------

      Code (inc. data)   RO Data    RW Data    ZI Data      Debug   Library Name

      4756        192        176          0         96       2772   c_w.l
      4768        344          0          0          0       2712   fz_ws.l
      3802        308        296          0          0       1248   m_ws.l

    ----------------------------------------------------------------------
     13348        844        472          0         96       6732   Library Totals

    ----------------------------------------------------------------------

==============================================================================


      Code (inc. data)   RO Data    RW Data    ZI Data      Debug   

     24832       1964        808        304       3120     630322   Grand Totals
     24832       1964        808         60       3120     630322   ELF Image Totals (compressed)
     24832       1964        808         60          0          0   ROM Totals

==============================================================================

    Total RO  Size (Code + RO Data)                25640 (  25.04kB)
    Total RW  Size (RW Data + ZI Data)              3424 (   3.34kB)
    Total ROM Size (Code + RO Data + RW Data)      25700 (  25.10kB)

==============================================================================

